Archive member included to satisfy reference by file (symbol)

d:/programas no hdd/embarcados/7.0/toolchain/arm/arm-gnu-toolchain/bin/../lib/gcc/arm-none-eabi/6.3.1/../../../../arm-none-eabi/lib/thumb/v7e-m\libc.a(lib_a-exit.o)
                              d:/programas no hdd/embarcados/7.0/toolchain/arm/arm-gnu-toolchain/bin/../lib/gcc/arm-none-eabi/6.3.1/../../../../arm-none-eabi/lib/thumb/v7e-m/crt0.o (exit)
d:/programas no hdd/embarcados/7.0/toolchain/arm/arm-gnu-toolchain/bin/../lib/gcc/arm-none-eabi/6.3.1/../../../../arm-none-eabi/lib/thumb/v7e-m\libc.a(lib_a-impure.o)
                              d:/programas no hdd/embarcados/7.0/toolchain/arm/arm-gnu-toolchain/bin/../lib/gcc/arm-none-eabi/6.3.1/../../../../arm-none-eabi/lib/thumb/v7e-m\libc.a(lib_a-exit.o) (_global_impure_ptr)
d:/programas no hdd/embarcados/7.0/toolchain/arm/arm-gnu-toolchain/bin/../lib/gcc/arm-none-eabi/6.3.1/../../../../arm-none-eabi/lib/thumb/v7e-m\libc.a(lib_a-init.o)
                              d:/programas no hdd/embarcados/7.0/toolchain/arm/arm-gnu-toolchain/bin/../lib/gcc/arm-none-eabi/6.3.1/../../../../arm-none-eabi/lib/thumb/v7e-m/crt0.o (__libc_init_array)
d:/programas no hdd/embarcados/7.0/toolchain/arm/arm-gnu-toolchain/bin/../lib/gcc/arm-none-eabi/6.3.1/../../../../arm-none-eabi/lib/thumb/v7e-m\libc.a(lib_a-memset.o)
                              d:/programas no hdd/embarcados/7.0/toolchain/arm/arm-gnu-toolchain/bin/../lib/gcc/arm-none-eabi/6.3.1/../../../../arm-none-eabi/lib/thumb/v7e-m/crt0.o (memset)
d:/programas no hdd/embarcados/7.0/toolchain/arm/arm-gnu-toolchain/bin/../lib/gcc/arm-none-eabi/6.3.1/../../../../arm-none-eabi/lib/thumb/v7e-m\libc.a(lib_a-__call_atexit.o)
                              d:/programas no hdd/embarcados/7.0/toolchain/arm/arm-gnu-toolchain/bin/../lib/gcc/arm-none-eabi/6.3.1/../../../../arm-none-eabi/lib/thumb/v7e-m\libc.a(lib_a-exit.o) (__call_exitprocs)
d:/programas no hdd/embarcados/7.0/toolchain/arm/arm-gnu-toolchain/bin/../lib/gcc/arm-none-eabi/6.3.1/../../../../arm-none-eabi/lib/thumb/v7e-m\libc.a(lib_a-atexit.o)
                              d:/programas no hdd/embarcados/7.0/toolchain/arm/arm-gnu-toolchain/bin/../lib/gcc/arm-none-eabi/6.3.1/../../../../arm-none-eabi/lib/thumb/v7e-m\libc.a(lib_a-__call_atexit.o) (atexit)
d:/programas no hdd/embarcados/7.0/toolchain/arm/arm-gnu-toolchain/bin/../lib/gcc/arm-none-eabi/6.3.1/../../../../arm-none-eabi/lib/thumb/v7e-m\libc.a(lib_a-fini.o)
                              d:/programas no hdd/embarcados/7.0/toolchain/arm/arm-gnu-toolchain/bin/../lib/gcc/arm-none-eabi/6.3.1/../../../../arm-none-eabi/lib/thumb/v7e-m\libc.a(lib_a-__call_atexit.o) (__libc_fini_array)
d:/programas no hdd/embarcados/7.0/toolchain/arm/arm-gnu-toolchain/bin/../lib/gcc/arm-none-eabi/6.3.1/../../../../arm-none-eabi/lib/thumb/v7e-m\libc.a(lib_a-lock.o)
                              d:/programas no hdd/embarcados/7.0/toolchain/arm/arm-gnu-toolchain/bin/../lib/gcc/arm-none-eabi/6.3.1/../../../../arm-none-eabi/lib/thumb/v7e-m\libc.a(lib_a-__call_atexit.o) (__retarget_lock_acquire_recursive)
d:/programas no hdd/embarcados/7.0/toolchain/arm/arm-gnu-toolchain/bin/../lib/gcc/arm-none-eabi/6.3.1/../../../../arm-none-eabi/lib/thumb/v7e-m\libc.a(lib_a-__atexit.o)
                              d:/programas no hdd/embarcados/7.0/toolchain/arm/arm-gnu-toolchain/bin/../lib/gcc/arm-none-eabi/6.3.1/../../../../arm-none-eabi/lib/thumb/v7e-m\libc.a(lib_a-atexit.o) (__register_exitproc)

Allocating common symbols
Common symbol       size              file

__lock___atexit_recursive_mutex
                    0x1               d:/programas no hdd/embarcados/7.0/toolchain/arm/arm-gnu-toolchain/bin/../lib/gcc/arm-none-eabi/6.3.1/../../../../arm-none-eabi/lib/thumb/v7e-m\libc.a(lib_a-lock.o)
__lock___arc4random_mutex
                    0x1               d:/programas no hdd/embarcados/7.0/toolchain/arm/arm-gnu-toolchain/bin/../lib/gcc/arm-none-eabi/6.3.1/../../../../arm-none-eabi/lib/thumb/v7e-m\libc.a(lib_a-lock.o)
__lock___env_recursive_mutex
                    0x1               d:/programas no hdd/embarcados/7.0/toolchain/arm/arm-gnu-toolchain/bin/../lib/gcc/arm-none-eabi/6.3.1/../../../../arm-none-eabi/lib/thumb/v7e-m\libc.a(lib_a-lock.o)
__lock___sinit_recursive_mutex
                    0x1               d:/programas no hdd/embarcados/7.0/toolchain/arm/arm-gnu-toolchain/bin/../lib/gcc/arm-none-eabi/6.3.1/../../../../arm-none-eabi/lib/thumb/v7e-m\libc.a(lib_a-lock.o)
__lock___malloc_recursive_mutex
                    0x1               d:/programas no hdd/embarcados/7.0/toolchain/arm/arm-gnu-toolchain/bin/../lib/gcc/arm-none-eabi/6.3.1/../../../../arm-none-eabi/lib/thumb/v7e-m\libc.a(lib_a-lock.o)
pio_capture_enable_flag
                    0x4               src/ASF/sam/drivers/pio/pio.o
__lock___at_quick_exit_mutex
[...]
Memory Configuration

Name             Origin             Length             Attributes
rom              0x00400000         0x00200000         xr
ram              0x20400000         0x00060000         xrw
*default*        0x00000000         0xffffffff

Linker script and memory map

LOAD d:/programas no hdd/embarcados/7.0/toolchain/arm/arm-gnu-toolchain/bin/../lib/gcc/arm-none-eabi/6.3.1/thumb/v7e-m/crti.o
LOAD d:/programas no hdd/embarcados/7.0/toolchain/arm/arm-gnu-toolchain/bin/../lib/gcc/arm-none-eabi/6.3.1/thumb/v7e-m/crtbegin.o
LOAD d:/programas no hdd/embarcados/7.0/toolchain/arm/arm-gnu-toolchain/bin/../lib/gcc/arm-none-eabi/6.3.1/../../../../arm-none-eabi/lib/thumb/v7e-m/crt0.o
LOAD src/ASF/sam/drivers/spi/spi.o
LOAD src/oled/gfx_mono_framebuffer.o
LOAD src/oled/gfx_mono_generic.o
LOAD src/oled/gfx_mono_text.o
LOAD src/oled/gfx_mono_ug_2832hsweg04.o
LOAD src/oled/ssd1306.o
LOAD src/oled/sysfont.o
LOAD src/ASF/common/services/delay/sam/cycle_counter.o
LOAD src/ASF/common/services/clock/same70/sysclk.o
LOAD src/ASF/common/utils/interrupt/interrupt_sam_nvic.o
LOAD src/ASF/sam/boards/same70_xplained/init.o
LOAD src/ASF/sam/drivers/mpu/mpu.o
LOAD src/ASF/sam/drivers/pio/pio.o
LOAD src/ASF/sam/drivers/pio/pio_handler.o
LOAD src/ASF/sam/drivers/pmc/pmc.o
LOAD src/ASF/sam/drivers/pmc/sleep.o
LOAD src/ASF/sam/utils/cmsis/same70/source/templates/gcc/startup_same70.o
LOAD src/ASF/sam/utils/cmsis/same70/source/templates/system_same70.o
LOAD src/ASF/sam/utils/syscalls/gcc/syscalls.o
LOAD src/main.o
START GROUP
LOAD ../src/ASF/thirdparty/CMSIS/Lib/GCC\libarm_cortexM7lfsp_math_softfp.a
LOAD d:/programas no hdd/embarcados/7.0/toolchain/arm/arm-gnu-toolchain/bin/../lib/gcc/arm-none-eabi/6.3.1/../../../../arm-none-eabi/lib/thumb/v7e-m\libm.a
END GROUP
START GROUP
LOAD d:/programas no hdd/embarcados/7.0/toolchain/arm/arm-gnu-toolchain/bin/../lib/gcc/arm-none-eabi/6.3.1/thumb/v7e-m\libgcc.a
LOAD d:/programas no hdd/embarcados/7.0/toolchain/arm/arm-gnu-toolchain/bin/../lib/gcc/arm-none-eabi/6.3.1/../../../../arm-none-eabi/lib/thumb/v7e-m\libc.a
END GROUP
LOAD d:/programas no hdd/embarcados/7.0/toolchain/arm/arm-gnu-toolchain/bin/../lib/gcc/arm-none-eabi/6.3.1/thumb/v7e-m/crtend.o
LOAD d:/programas no hdd/embarcados/7.0/toolchain/arm/arm-gnu-toolchain/bin/../lib/gcc/arm-none-eabi/6.3.1/thumb/v7e-m/crtn.o
                0x00002000                STACK_SIZE = DEFINED (STACK_SIZE)?STACK_SIZE:0x2000
                0x2045fffc                __ram_end__ = ((ORIGIN (ram) + LENGTH (ram)) - 0x4)
                0x00000200                HEAP_SIZE = DEFINED (HEAP_SIZE)?HEAP_SIZE:0x200

.text           0x00400000     0x1e88
                0x00400000                . = ALIGN (0x4)
                0x00400000                _sfixed = .
 *(.vectors .vectors.*)
 .vectors       0x00400000      0x140 src/ASF/sam/utils/cmsis/same70/source/templates/gcc/startup_same70.o
                0x00400000                exception_table
 *(.text .text.* .gnu.linkonce.t.*)
 .text          0x00400140       0x6c d:/programas no hdd/embarcados/7.0/toolchain/arm/arm-gnu-toolchain/bin/../lib/gcc/arm-none-eabi/6.3.1/thumb/v7e-m/crtbegin.o
 .text.spi_enable_clock
                0x004001ac       0x2c src/ASF/sam/drivers/spi/spi.o
                0x004001ac                spi_enable_clock
 .text.spi_set_peripheral_chip_select_value
                0x004001d8       0x16 src/ASF/sam/drivers/spi/spi.o
                0x004001d8                spi_set_peripheral_chip_select_value
 .text.spi_write
                0x004001ee       0x34 src/ASF/sam/drivers/spi/spi.o
                0x004001ee                spi_write
 .text.spi_set_clock_polarity
                0x00400222       0x1e src/ASF/sam/drivers/spi/spi.o
                0x00400222                spi_set_clock_polarity
 .text.spi_set_clock_phase
                0x00400240       0x1e src/ASF/sam/drivers/spi/spi.o
                0x00400240                spi_set_clock_phase
 .text.spi_configure_cs_behavior
                0x0040025e       0x46 src/ASF/sam/drivers/spi/spi.o
                0x0040025e                spi_configure_cs_behavior
 .text.spi_set_bits_per_transfer
                0x004002a4       0x14 src/ASF/sam/drivers/spi/spi.o
                0x004002a4                spi_set_bits_per_transfer
 .text.spi_calc_baudrate_div
                0x004002b8       0x16 src/ASF/sam/drivers/spi/spi.o
                0x004002b8                spi_calc_baudrate_div
 .text.spi_set_baudrate_div
                0x004002ce       0x28 src/ASF/sam/drivers/spi/spi.o
                0x004002ce                spi_set_baudrate_div
 *fill*         0x004002f6        0x2 
 .text.gfx_mono_set_framebuffer
                0x004002f8        0xc src/oled/gfx_mono_framebuffer.o
                0x004002f8                gfx_mono_set_framebuffer
 .text.gfx_mono_framebuffer_put_byte
                0x00400304       0x10 src/oled/gfx_mono_framebuffer.o
                0x00400304                gfx_mono_framebuffer_put_byte
 .text.gfx_mono_framebuffer_get_byte
                0x00400314       0x10 src/oled/gfx_mono_framebuffer.o
                0x00400314                gfx_mono_framebuffer_get_byte
 .text.gfx_mono_generic_draw_horizontal_line
                0x00400324       0xd0 src/oled/gfx_mono_generic.o
                0x00400324                gfx_mono_generic_draw_horizontal_line
 .text.gfx_mono_generic_draw_vertical_line
                0x004003f4       0xa0 src/oled/gfx_mono_generic.o
                0x004003f4                gfx_mono_generic_draw_vertical_line
 .text.gfx_mono_generic_draw_filled_rect
                0x00400494       0x38 src/oled/gfx_mono_generic.o
                0x00400494                gfx_mono_generic_draw_filled_rect
 .text.gfx_mono_generic_draw_filled_circle
                0x004004cc      0x11c src/oled/gfx_mono_generic.o
                0x004004cc                gfx_mono_generic_draw_filled_circle
 .text.gfx_mono_draw_char
                0x004005e8       0xac src/oled/gfx_mono_text.o
                0x004005e8                gfx_mono_draw_char
 .text.gfx_mono_draw_string
                0x00400694       0x48 src/oled/gfx_mono_text.o
                0x00400694                gfx_mono_draw_string
 .text.gfx_mono_ssd1306_put_byte
                0x004006dc       0x50 src/oled/gfx_mono_ug_2832hsweg04.o
                0x004006dc                gfx_mono_ssd1306_put_byte
 .text.gfx_mono_ssd1306_init
                0x0040072c       0x50 src/oled/gfx_mono_ug_2832hsweg04.o
                0x0040072c                gfx_mono_ssd1306_init
 .text.gfx_mono_ssd1306_draw_pixel
                0x0040077c       0x64 src/oled/gfx_mono_ug_2832hsweg04.o
                0x0040077c                gfx_mono_ssd1306_draw_pixel
 .text.gfx_mono_ssd1306_get_byte
                0x004007e0        0xc src/oled/gfx_mono_ug_2832hsweg04.o
                0x004007e0                gfx_mono_ssd1306_get_byte
 .text.gfx_mono_ssd1306_mask_byte
                0x004007ec       0x44 src/oled/gfx_mono_ug_2832hsweg04.o
                0x004007ec                gfx_mono_ssd1306_mask_byte
 .text.ssd1306_write_command
                0x00400830       0x40 src/oled/ssd1306.o
                0x00400830                ssd1306_write_command
 .text.ssd1306_init
                0x00400870      0x1e0 src/oled/ssd1306.o
                0x00400870                ssd1306_init
 .text.ssd1306_write_data
                0x00400a50       0x40 src/oled/ssd1306.o
                0x00400a50                ssd1306_write_data
 .text.sysclk_init
                0x00400a90       0x70 src/ASF/common/services/clock/same70/sysclk.o
                0x00400a90                sysclk_init
 .text.board_init
                0x00400b00      0x140 src/ASF/sam/boards/same70_xplained/init.o
                0x00400b00                board_init
 .text.pio_set_peripheral
                0x00400c40       0x92 src/ASF/sam/drivers/pio/pio.o
                0x00400c40                pio_set_peripheral
 .text.pio_set_input
                0x00400cd2       0x36 src/ASF/sam/drivers/pio/pio.o
                0x00400cd2                pio_set_input
 .text.pio_set_output
                0x00400d08       0x28 src/ASF/sam/drivers/pio/pio.o
                0x00400d08                pio_set_output
 .text.pio_configure
                0x00400d30       0x90 src/ASF/sam/drivers/pio/pio.o
                0x00400d30                pio_configure
 .text.pio_get_interrupt_status
                0x00400dc0        0x4 src/ASF/sam/drivers/pio/pio.o
                0x00400dc0                pio_get_interrupt_status
 .text.pio_get_interrupt_mask
                0x00400dc4        0x4 src/ASF/sam/drivers/pio/pio.o
                0x00400dc4                pio_get_interrupt_mask
 .text.pio_handler_process
                0x00400dc8       0x50 src/ASF/sam/drivers/pio/pio_handler.o
                0x00400dc8                pio_handler_process
 .text.PIOA_Handler
                0x00400e18       0x14 src/ASF/sam/drivers/pio/pio_handler.o
                0x00400e18                PIOA_Handler
 .text.PIOB_Handler
                0x00400e2c       0x14 src/ASF/sam/drivers/pio/pio_handler.o
                0x00400e2c                PIOB_Handler
 .text.PIOC_Handler
                0x00400e40       0x14 src/ASF/sam/drivers/pio/pio_handler.o
                0x00400e40                PIOC_Handler
 .text.PIOD_Handler
                0x00400e54       0x14 src/ASF/sam/drivers/pio/pio_handler.o
                0x00400e54                PIOD_Handler
 .text.PIOE_Handler
                0x00400e68       0x14 src/ASF/sam/drivers/pio/pio_handler.o
                0x00400e68                PIOE_Handler
 .text.pmc_mck_set_division
                0x00400e7c       0x38 src/ASF/sam/drivers/pmc/pmc.o
                0x00400e7c                pmc_mck_set_division
 .text.pmc_switch_mck_to_pllack
                0x00400eb4       0x64 src/ASF/sam/drivers/pmc/pmc.o
                0x00400eb4                pmc_switch_mck_to_pllack
 .text.pmc_switch_mainck_to_xtal
                0x00400f18       0x54 src/ASF/sam/drivers/pmc/pmc.o
                0x00400f18                pmc_switch_mainck_to_xtal
 .text.pmc_osc_is_ready_mainck
                0x00400f6c       0x10 src/ASF/sam/drivers/pmc/pmc.o
                0x00400f6c                pmc_osc_is_ready_mainck
 .text.pmc_disable_pllack
                0x00400f7c       0x10 src/ASF/sam/drivers/pmc/pmc.o
                0x00400f7c                pmc_disable_pllack
 .text.pmc_is_locked_pllack
                0x00400f8c       0x10 src/ASF/sam/drivers/pmc/pmc.o
                0x00400f8c                pmc_is_locked_pllack
 .text.pmc_enable_periph_clk
                0x00400f9c       0x54 src/ASF/sam/drivers/pmc/pmc.o
                0x00400f9c                pmc_enable_periph_clk
 .text.Dummy_Handler
                0x00400ff0        0x2 src/ASF/sam/utils/cmsis/same70/source/templates/gcc/startup_same70.o
                0x00400ff0                DACC_Handler
                0x00400ff0                DebugMon_Handler
                0x00400ff0                UART3_Handler
                0x00400ff0                UART2_Handler
                0x00400ff0                TRNG_Handler
                0x00400ff0                HardFault_Handler
                0x00400ff0                TC2_Handler
                0x00400ff0                SysTick_Handler
                0x00400ff0                AFEC1_Handler
                0x00400ff0                PendSV_Handler
                0x00400ff0                NMI_Handler
                0x00400ff0                TC7_Handler
                0x00400ff0                QSPI_Handler
                0x00400ff0                ISI_Handler
                0x00400ff0                TC9_Handler
                0x00400ff0                RSWDT_Handler
                0x00400ff0                MCAN1_Handler
                0x00400ff0                USART0_Handler
                0x00400ff0                RTT_Handler
                0x00400ff0                USBHS_Handler
                0x00400ff0                RTC_Handler
                0x00400ff0                UsageFault_Handler
                0x00400ff0                TC6_Handler
                0x00400ff0                WDT_Handler
                0x00400ff0                TC4_Handler
                0x00400ff0                TC1_Handler
                0x00400ff0                HSMCI_Handler
                0x00400ff0                UART1_Handler
                0x00400ff0                TC3_Handler
                0x00400ff0                Dummy_Handler
                0x00400ff0                TWIHS1_Handler
                0x00400ff0                XDMAC_Handler
                0x00400ff0                UART4_Handler
                0x00400ff0                PWM1_Handler
                0x00400ff0                USART1_Handler
                0x00400ff0                PWM0_Handler
                0x00400ff0                AFEC0_Handler
                0x00400ff0                SSC_Handler
                0x00400ff0                TC11_Handler
                0x00400ff0                ACC_Handler
                0x00400ff0                PMC_Handler
                0x00400ff0                GMAC_Handler
                0x00400ff0                MemManage_Handler
                0x00400ff0                SUPC_Handler
                0x00400ff0                SVC_Handler
                0x00400ff0                TC8_Handler
                0x00400ff0                EFC_Handler
                0x00400ff0                USART2_Handler
                0x00400ff0                SDRAMC_Handler
                0x00400ff0                SPI1_Handler
                0x00400ff0                MCAN0_Handler
                0x00400ff0                TC10_Handler
                0x00400ff0                TWIHS2_Handler
                0x00400ff0                UART0_Handler
                0x00400ff0                BusFault_Handler
                0x00400ff0                RSTC_Handler
                0x00400ff0                TC0_Handler
                0x00400ff0                TC5_Handler
                0x00400ff0                ICM_Handler
                0x00400ff0                AES_Handler
                0x00400ff0                TWIHS0_Handler
                0x00400ff0                SPI0_Handler
 *fill*         0x00400ff2        0x2 
 .text.Reset_Handler
                0x00400ff4       0xc8 src/ASF/sam/utils/cmsis/same70/source/templates/gcc/startup_same70.o
                0x00400ff4                Reset_Handler
 .text.SystemCoreClockUpdate
                0x004010bc      0x10c src/ASF/sam/utils/cmsis/same70/source/templates/system_same70.o
                0x004010bc                SystemCoreClockUpdate
 .text.system_init_flash
                0x004011c8       0x8c src/ASF/sam/utils/cmsis/same70/source/templates/system_same70.o
                0x004011c8                system_init_flash
 .text.main     0x00401254       0x4c src/main.o
                0x00401254                main
 .text.__libc_init_array
                0x004012a0       0x50 d:/programas no hdd/embarcados/7.0/toolchain/arm/arm-gnu-toolchain/bin/../lib/gcc/arm-none-eabi/6.3.1/../../../../arm-none-eabi/lib/thumb/v7e-m\libc.a(lib_a-init.o)
                0x004012a0                __libc_init_array
 .text.startup.register_fini
                0x004012f0       0x14 d:/programas no hdd/embarcados/7.0/toolchain/arm/arm-gnu-toolchain/bin/../lib/gcc/arm-none-eabi/6.3.1/../../../../arm-none-eabi/lib/thumb/v7e-m\libc.a(lib_a-__call_atexit.o)
 .text.atexit   0x00401304        0xc d:/programas no hdd/embarcados/7.0/toolchain/arm/arm-gnu-toolchain/bin/../lib/gcc/arm-none-eabi/6.3.1/../../../../arm-none-eabi/lib/thumb/v7e-m\libc.a(lib_a-atexit.o)
                0x00401304                atexit
 .text.__libc_fini_array
                0x00401310       0x34 d:/programas no hdd/embarcados/7.0/toolchain/arm/arm-gnu-toolchain/bin/../lib/gcc/arm-none-eabi/6.3.1/../../../../arm-none-eabi/lib/thumb/v7e-m\libc.a(lib_a-fini.o)
                0x00401310                __libc_fini_array
 .text.__retarget_lock_acquire_recursive
                0x00401344        0x4 d:/programas no hdd/embarcados/7.0/toolchain/arm/arm-gnu-toolchain/bin/../lib/gcc/arm-none-eabi/6.3.1/../../../../arm-none-eabi/lib/thumb/v7e-m\libc.a(lib_a-lock.o)
                0x00401344                __retarget_lock_acquire_recursive
 .text.__retarget_lock_release_recursive
                0x00401348        0x4 d:/programas no hdd/embarcados/7.0/toolchain/arm/arm-gnu-toolchain/bin/../lib/gcc/arm-none-eabi/6.3.1/../../../../arm-none-eabi/lib/thumb/v7e-m\libc.a(lib_a-lock.o)
                0x00401348                __retarget_lock_release_recursive
 .text.__register_exitproc
                0x0040134c       0xc4 d:/programas no hdd/embarcados/7.0/toolchain/arm/arm-gnu-toolchain/bin/../lib/gcc/arm-none-eabi/6.3.1/../../../../arm-none-eabi/lib/thumb/v7e-m\libc.a(lib_a-__atexit.o)
                0x0040134c                __register_exitproc
 *(.glue_7t)
 .glue_7t       0x00401410        0x0 linker stubs
 *(.glue_7)
 .glue_7        0x00401410        0x0 linker stubs
 *(.rodata .rodata* .gnu.linkonce.r.*)
 .rodata.sysfont_glyphs
                0x00401410      0xa48 src/oled/sysfont.o
 .rodata.main.str1.4
                0x00401e58        0x8 src/main.o
                                  0x6 (size before relaxing)
 .rodata._global_impure_ptr
                0x00401e60        0x4 d:/programas no hdd/embarcados/7.0/toolchain/arm/arm-gnu-toolchain/bin/../lib/gcc/arm-none-eabi/6.3.1/../../../../arm-none-eabi/lib/thumb/v7e-m\libc.a(lib_a-impure.o)
                0x00401e60                _global_impure_ptr
 *(.ARM.extab* .gnu.linkonce.armextab.*)
                0x00401e64                . = ALIGN (0x4)
 *(.init)
 .init          0x00401e64        0x4 d:/programas no hdd/embarcados/7.0/toolchain/arm/arm-gnu-toolchain/bin/../lib/gcc/arm-none-eabi/6.3.1/thumb/v7e-m/crti.o
                0x00401e64                _init
 .init          0x00401e68        0x8 d:/programas no hdd/embarcados/7.0/toolchain/arm/arm-gnu-toolchain/bin/../lib/gcc/arm-none-eabi/6.3.1/thumb/v7e-m/crtn.o
                0x00401e70                . = ALIGN (0x4)
                0x00401e70                __preinit_array_start = .
 *(.preinit_array)
                0x00401e70                __preinit_array_end = .
                0x00401e70                . = ALIGN (0x4)
                0x00401e70                __init_array_start = .
 *(SORT(.init_array.*))
 .init_array.00000
                0x00401e70        0x4 d:/programas no hdd/embarcados/7.0/toolchain/arm/arm-gnu-toolchain/bin/../lib/gcc/arm-none-eabi/6.3.1/../../../../arm-none-eabi/lib/thumb/v7e-m\libc.a(lib_a-__call_atexit.o)
 *(.init_array)
 .init_array    0x00401e74        0x4 d:/programas no hdd/embarcados/7.0/toolchain/arm/arm-gnu-toolchain/bin/../lib/gcc/arm-none-eabi/6.3.1/thumb/v7e-m/crtbegin.o
                0x00401e78                __init_array_end = .
                0x00401e78                . = ALIGN (0x4)
 *crtbegin.o(.ctors)
 *(EXCLUDE_FILE(*crtend.o) .ctors)
 *(SORT(.ctors.*))
 *crtend.o(.ctors)
                0x00401e78                . = ALIGN (0x4)
 *(.fini)
 .fini          0x00401e78        0x4 d:/programas no hdd/embarcados/7.0/toolchain/arm/arm-gnu-toolchain/bin/../lib/gcc/arm-none-eabi/6.3.1/thumb/v7e-m/crti.o
                0x00401e78                _fini
 .fini          0x00401e7c        0x8 d:/programas no hdd/embarcados/7.0/toolchain/arm/arm-gnu-toolchain/bin/../lib/gcc/arm-none-eabi/6.3.1/thumb/v7e-m/crtn.o
                0x00401e84                . = ALIGN (0x4)
                0x00401e84                __fini_array_start = .
 *(.fini_array)
 .fini_array    0x00401e84        0x4 d:/programas no hdd/embarcados/7.0/toolchain/arm/arm-gnu-toolchain/bin/../lib/gcc/arm-none-eabi/6.3.1/thumb/v7e-m/crtbegin.o
 *(SORT(.fini_array.*))
                0x00401e88                __fini_array_end = .
 *crtbegin.o(.dtors)
 *(EXCLUDE_FILE(*crtend.o) .dtors)
 *(SORT(.dtors.*))
 *crtend.o(.dtors)
                0x00401e88                . = ALIGN (0x4)
                0x00401e88                _efixed = .
                [!provide]                PROVIDE (__exidx_start, .)

.vfp11_veneer   0x00401e88        0x0
 .vfp11_veneer  0x00401e88        0x0 linker stubs

.v4_bx          0x00401e88        0x0
 .v4_bx         0x00401e88        0x0 linker stubs

.iplt           0x00401e88        0x0
 .iplt          0x00401e88        0x0 d:/programas no hdd/embarcados/7.0/toolchain/arm/arm-gnu-toolchain/bin/../lib/gcc/arm-none-eabi/6.3.1/thumb/v7e-m/crtbegin.o

.eh_frame       0x00401e88        0x0
 .eh_frame      0x00401e88        0x0 d:/programas no hdd/embarcados/7.0/toolchain/arm/arm-gnu-toolchain/bin/../lib/gcc/arm-none-eabi/6.3.1/thumb/v7e-m/crtbegin.o

.rel.dyn        0x00401e88        0x0
 .rel.iplt      0x00401e88        0x0 d:/programas no hdd/embarcados/7.0/toolchain/arm/arm-gnu-toolchain/bin/../lib/gcc/arm-none-eabi/6.3.1/thumb/v7e-m/crtbegin.o

.jcr            0x00401e88        0x0
 .jcr           0x00401e88        0x0 d:/programas no hdd/embarcados/7.0/toolchain/arm/arm-gnu-toolchain/bin/../lib/gcc/arm-none-eabi/6.3.1/thumb/v7e-m/crtbegin.o

.igot.plt       0x00401e88        0x0
 .igot.plt      0x00401e88        0x0 d:/programas no hdd/embarcados/7.0/toolchain/arm/arm-gnu-toolchain/bin/../lib/gcc/arm-none-eabi/6.3.1/thumb/v7e-m/crtbegin.o

.ARM.exidx
 *(.ARM.exidx* .gnu.linkonce.armexidx.*)
                [!provide]                PROVIDE (__exidx_end, .)
                0x00401e88                . = ALIGN (0x4)
                0x00401e88                _etext = .

.relocate       0x20400000      0x44c load address 0x00401e88
                0x20400000                . = ALIGN (0x4)
                0x20400000                _srelocate = .
 *(.ramfunc .ramfunc.*)
 .ramfunc       0x20400000        0xa src/ASF/common/services/delay/sam/cycle_counter.o
                0x20400000                portable_delay_cycles
 *(.data .data.*)
 *fill*         0x2040000a        0x2 
 .data.sysfont  0x2040000c        0xc src/oled/sysfont.o
                0x2040000c                sysfont
 .data.g_interrupt_enabled
                0x20400018        0x1 src/ASF/common/utils/interrupt/interrupt_sam_nvic.o
                0x20400018                g_interrupt_enabled
 *fill*         0x20400019        0x3 
 .data.SystemCoreClock
                0x2040001c        0x4 src/ASF/sam/utils/cmsis/same70/source/templates/system_same70.o
                0x2040001c                SystemCoreClock
 .data.impure_data
                0x20400020      0x428 d:/programas no hdd/embarcados/7.0/toolchain/arm/arm-gnu-toolchain/bin/../lib/gcc/arm-none-eabi/6.3.1/../../../../arm-none-eabi/lib/thumb/v7e-m\libc.a(lib_a-impure.o)
 .data.__atexit_recursive_mutex
                0x20400448        0x4 d:/programas no hdd/embarcados/7.0/toolchain/arm/arm-gnu-toolchain/bin/../lib/gcc/arm-none-eabi/6.3.1/../../../../arm-none-eabi/lib/thumb/v7e-m\libc.a(lib_a-__call_atexit.o)
                0x20400448                __atexit_recursive_mutex
                0x2040044c                . = ALIGN (0x4)
                0x2040044c                _erelocate = .

.bss            0x2040044c      0x2b4 load address 0x004022d4
                0x2040044c                . = ALIGN (0x4)
                0x2040044c                _sbss = .
                0x2040044c                _szero = .
 *(.bss .bss.*)
 .bss           0x2040044c       0x1c d:/programas no hdd/embarcados/7.0/toolchain/arm/arm-gnu-toolchain/bin/../lib/gcc/arm-none-eabi/6.3.1/thumb/v7e-m/crtbegin.o
 .bss.fbpointer
                0x20400468        0x4 src/oled/gfx_mono_framebuffer.o
 .bss.framebuffer
                0x2040046c      0x200 src/oled/gfx_mono_ug_2832hsweg04.o
 .bss.gs_interrupt_sources
                0x2040066c       0x70 src/ASF/sam/drivers/pio/pio_handler.o
 *(COMMON)
 COMMON         0x204006dc       0x21 d:/programas no hdd/embarcados/7.0/toolchain/arm/arm-gnu-toolchain/bin/../lib/gcc/arm-none-eabi/6.3.1/../../../../arm-none-eabi/lib/thumb/v7e-m\libc.a(lib_a-lock.o)
                0x204006dc                __lock___atexit_recursive_mutex
                0x204006e0                __lock___arc4random_mutex
                0x204006e4                __lock___env_recursive_mutex
                0x204006e8                __lock___sinit_recursive_mutex
                0x204006ec                __lock___malloc_recursive_mutex
                0x204006f0                __lock___at_quick_exit_mutex
                0x204006f4                __lock___dd_hash_mutex
                0x204006f8                __lock___tz_mutex
                0x204006fc                __lock___sfp_recursive_mutex
                0x20400700                . = ALIGN (0x4)
 *fill*         0x204006fd        0x3 
                0x20400700                _ebss = .
                0x20400700                _ezero = .

.stack          0x20400700     0x2000 load address 0x00402588
                0x20400700                . = ALIGN (0x8)
                0x20400700                _sstack = .
                0x20402700                . = (. + STACK_SIZE)
 *fill*         0x20400700     0x2000 
                0x20402700                . = ALIGN (0x8)
                0x20402700                _estack = .

.heap           0x20402700      0x200 load address 0x00404588
                0x20402700                . = ALIGN (0x8)
                0x20402700                _sheap = .
                0x20402900                . = (. + HEAP_SIZE)
 *fill*         0x20402700      0x200 
                0x20402900                . = ALIGN (0x8)
                0x20402900                _eheap = .
                0x20402900                . = ALIGN (0x4)
                0x20402900                _end = .
                0x2045ffff                _ram_end_ = ((ORIGIN (ram) + LENGTH (ram)) - 0x1)
OUTPUT(OLED1.elf elf32-littlearm)

.ARM.attributes
                0x00000000       0x2e
 .ARM.attributes
                0x00000000       0x1e d:/programas no hdd/embarcados/7.0/toolchain/arm/arm-gnu-toolchain/bin/../lib/gcc/arm-none-eabi/6.3.1/thumb/v7e-m/crti.o
 .ARM.attributes
                0x0000001e       0x2e d:/programas no hdd/embarcados/7.0/toolchain/arm/arm-gnu-toolchain/bin/../lib/gcc/arm-none-eabi/6.3.1/thumb/v7e-m/crtbegin.o
 .ARM.attributes
                0x0000004c       0x37 src/ASF/sam/drivers/spi/spi.o
 .ARM.attributes
                0x00000083       0x37 src/oled/gfx_mono_framebuffer.o
 .ARM.attributes
                0x000000ba       0x37 src/oled/gfx_mono_generic.o
 .ARM.attributes
                0x000000f1       0x37 src/oled/gfx_mono_text.o
 .ARM.attributes
                0x00000128       0x37 src/oled/gfx_mono_ug_2832hsweg04.o
 .ARM.attributes
                0x0000015f       0x37 src/oled/ssd1306.o
 .ARM.attributes
                0x00000196       0x37 src/oled/sysfont.o
 .ARM.attributes
                0x000001cd       0x37 src/ASF/common/services/delay/sam/cycle_counter.o
 .ARM.attributes
                0x00000204       0x37 src/ASF/common/services/clock/same70/sysclk.o
 .ARM.attributes
                0x0000023b       0x37 src/ASF/common/utils/interrupt/interrupt_sam_nvic.o
 .ARM.attributes
                0x00000272       0x37 src/ASF/sam/boards/same70_xplained/init.o
 .ARM.attributes
                0x000002a9       0x37 src/ASF/sam/drivers/pio/pio.o
 .ARM.attributes
                0x000002e0       0x37 src/ASF/sam/drivers/pio/pio_handler.o
 .ARM.attributes
                0x00000317       0x37 src/ASF/sam/drivers/pmc/pmc.o
 .ARM.attributes
                0x0000034e       0x37 src/ASF/sam/utils/cmsis/same70/source/templates/gcc/startup_same70.o
 .ARM.attributes
                0x00000385       0x37 src/ASF/sam/utils/cmsis/same70/source/templates/system_same70.o
 .ARM.attributes
                0x000003bc       0x37 src/main.o
 .ARM.attributes
                0x000003f3       0x2e d:/programas no hdd/embarcados/7.0/toolchain/arm/arm-gnu-toolchain/bin/../lib/gcc/arm-none-eabi/6.3.1/../../../../arm-none-eabi/lib/thumb/v7e-m\libc.a(lib_a-impure.o)
 .ARM.attributes
                0x00000421       0x2e d:/programas no hdd/embarcados/7.0/toolchain/arm/arm-gnu-toolchain/bin/../lib/gcc/arm-none-eabi/6.3.1/../../../../arm-none-eabi/lib/thumb/v7e-m\libc.a(lib_a-init.o)
 .ARM.attributes
                0x0000044f       0x2e d:/programas no hdd/embarcados/7.0/toolchain/arm/arm-gnu-toolchain/bin/../lib/gcc/arm-none-eabi/6.3.1/../../../../arm-none-eabi/lib/thumb/v7e-m\libc.a(lib_a-__call_atexit.o)
 .ARM.attributes
                0x0000047d       0x2e d:/programas no hdd/embarcados/7.0/toolchain/arm/arm-gnu-toolchain/bin/../lib/gcc/arm-none-eabi/6.3.1/../../../../arm-none-eabi/lib/thumb/v7e-m\libc.a(lib_a-atexit.o)
 .ARM.attributes
                0x000004ab       0x2e d:/programas no hdd/embarcados/7.0/toolchain/arm/arm-gnu-toolchain/bin/../lib/gcc/arm-none-eabi/6.3.1/../../../../arm-none-eabi/lib/thumb/v7e-m\libc.a(lib_a-fini.o)
 .ARM.attributes
                0x000004d9       0x2e d:/programas no hdd/embarcados/7.0/toolchain/arm/arm-gnu-toolchain/bin/../lib/gcc/arm-none-eabi/6.3.1/../../../../arm-none-eabi/lib/thumb/v7e-m\libc.a(lib_a-lock.o)
 .ARM.attributes
                0x00000507       0x2e d:/programas no hdd/embarcados/7.0/toolchain/arm/arm-gnu-toolchain/bin/../lib/gcc/arm-none-eabi/6.3.1/../../../../arm-none-eabi/lib/thumb/v7e-m\libc.a(lib_a-__atexit.o)
 .ARM.attributes
                0x00000535       0x1e d:/programas no hdd/embarcados/7.0/toolchain/arm/arm-gnu-toolchain/bin/../lib/gcc/arm-none-eabi/6.3.1/thumb/v7e-m/crtn.o

.comment        0x00000000       0x59
 .comment       0x00000000       0x59 src/ASF/sam/drivers/spi/spi.o
                                 0x5a (size before relaxing)
 .comment       0x00000059       0x5a src/oled/gfx_mono_framebuffer.o
 .comment       0x00000059       0x5a src/oled/gfx_mono_generic.o
 .comment       0x00000059       0x5a src/oled/gfx_mono_text.o
 .comment       0x00000059       0x5a src/oled/gfx_mono_ug_2832hsweg04.o
 .comment       0x00000059       0x5a src/oled/ssd1306.o
 .comment       0x00000059       0x5a src/oled/sysfont.o
 .comment       0x00000059       0x5a src/ASF/common/services/delay/sam/cycle_counter.o
 .comment       0x00000059       0x5a src/ASF/common/services/clock/same70/sysclk.o
 .comment       0x00000059       0x5a src/ASF/common/utils/interrupt/interrupt_sam_nvic.o
 .comment       0x00000059       0x5a src/ASF/sam/boards/same70_xplained/init.o
 .comment       0x00000059       0x5a src/ASF/sam/drivers/pio/pio.o
 .comment       0x00000059       0x5a src/ASF/sam/drivers/pio/pio_handler.o
 .comment       0x00000059       0x5a src/ASF/sam/drivers/pmc/pmc.o
 .comment       0x00000059       0x5a src/ASF/sam/utils/cmsis/same70/source/templates/gcc/startup_same70.o
 .comment       0x00000059       0x5a src/ASF/sam/utils/cmsis/same70/source/templates/system_same70.o
 .comment       0x00000059       0x5a src/main.o

.debug_info     0x00000000    0x144f8
 .debug_info    0x00000000     0x115d src/ASF/sam/drivers/spi/spi.o
 .debug_info    0x0000115d      0xdd2 src/oled/gfx_mono_framebuffer.o
 .debug_info    0x00001f2f     0x157d src/oled/gfx_mono_generic.o
 .debug_info    0x000034ac      0xf6a src/oled/gfx_mono_text.o
 .debug_info    0x00004416     0x11a0 src/oled/gfx_mono_ug_2832hsweg04.o
 .debug_info    0x000055b6     0x1fae src/oled/ssd1306.o
 .debug_info    0x00007564      0xb06 src/oled/sysfont.o
 .debug_info    0x0000806a      0xa45 src/ASF/common/services/delay/sam/cycle_counter.o
 .debug_info    0x00008aaf     0x1267 src/ASF/common/services/clock/same70/sysclk.o
 .debug_info    0x00009d16      0xb01 src/ASF/common/utils/interrupt/interrupt_sam_nvic.o
 .debug_info    0x0000a817     0x1bd7 src/ASF/sam/boards/same70_xplained/init.o
 .debug_info    0x0000c3ee     0x2150 src/ASF/sam/drivers/pio/pio.o
 .debug_info    0x0000e53e     0x1b22 src/ASF/sam/drivers/pio/pio_handler.o
 .debug_info    0x00010060     0x1e0e src/ASF/sam/drivers/pmc/pmc.o
 .debug_info    0x00011e6e     0x156a src/ASF/sam/utils/cmsis/same70/source/templates/gcc/startup_same70.o
 .debug_info    0x000133d8      0x55b src/ASF/sam/utils/cmsis/same70/source/templates/system_same70.o
 .debug_info    0x00013933      0xbc5 src/main.o

.debug_abbrev   0x00000000     0x2f23
 .debug_abbrev  0x00000000      0x3a5 src/ASF/sam/drivers/spi/spi.o
 .debug_abbrev  0x000003a5      0x284 src/oled/gfx_mono_framebuffer.o
 .debug_abbrev  0x00000629      0x2a2 src/oled/gfx_mono_generic.o
 .debug_abbrev  0x000008cb      0x30a src/oled/gfx_mono_text.o
 .debug_abbrev  0x00000bd5      0x34b src/oled/gfx_mono_ug_2832hsweg04.o
 .debug_abbrev  0x00000f20      0x35e src/oled/ssd1306.o
 .debug_abbrev  0x0000127e      0x1b6 src/oled/sysfont.o
 .debug_abbrev  0x00001434      0x1b3 src/ASF/common/services/delay/sam/cycle_counter.o
 .debug_abbrev  0x000015e7      0x31f src/ASF/common/services/clock/same70/sysclk.o
 .debug_abbrev  0x00001906      0x212 src/ASF/common/utils/interrupt/interrupt_sam_nvic.o
 .debug_abbrev  0x00001b18      0x368 src/ASF/sam/boards/same70_xplained/init.o
 .debug_abbrev  0x00001e80      0x410 src/ASF/sam/drivers/pio/pio.o
 .debug_abbrev  0x00002290      0x32f src/ASF/sam/drivers/pio/pio_handler.o
 .debug_abbrev  0x000025bf      0x369 src/ASF/sam/drivers/pmc/pmc.o
 .debug_abbrev  0x00002928      0x2e4 src/ASF/sam/utils/cmsis/same70/source/templates/gcc/startup_same70.o
 .debug_abbrev  0x00002c0c      0x102 src/ASF/sam/utils/cmsis/same70/source/templates/system_same70.o
 .debug_abbrev  0x00002d0e      0x215 src/main.o

.debug_loc      0x00000000     0x4e97
 .debug_loc     0x00000000      0x610 src/ASF/sam/drivers/spi/spi.o
 .debug_loc     0x00000610      0x506 src/oled/gfx_mono_framebuffer.o
 .debug_loc     0x00000b16      0xda8 src/oled/gfx_mono_generic.o
 .debug_loc     0x000018be      0x66a src/oled/gfx_mono_text.o
 .debug_loc     0x00001f28      0x6ee src/oled/gfx_mono_ug_2832hsweg04.o
 .debug_loc     0x00002616      0x365 src/oled/ssd1306.o
 .debug_loc     0x0000297b      0x183 src/ASF/common/services/clock/same70/sysclk.o
 .debug_loc     0x00002afe      0x1e7 src/ASF/sam/boards/same70_xplained/init.o
 .debug_loc     0x00002ce5      0xea4 src/ASF/sam/drivers/pio/pio.o
 .debug_loc     0x00003b89      0x588 src/ASF/sam/drivers/pio/pio_handler.o
 .debug_loc     0x00004111      0xce3 src/ASF/sam/drivers/pmc/pmc.o
 .debug_loc     0x00004df4       0x77 src/ASF/sam/utils/cmsis/same70/source/templates/gcc/startup_same70.o
 .debug_loc     0x00004e6b       0x2c src/main.o

.debug_aranges  0x00000000      0x7a0
 .debug_aranges
                0x00000000       0x90 src/ASF/sam/drivers/spi/spi.o
 .debug_aranges
                0x00000090       0x58 src/oled/gfx_mono_framebuffer.o
 .debug_aranges
                0x000000e8       0x58 src/oled/gfx_mono_generic.o
 .debug_aranges
                0x00000140       0x40 src/oled/gfx_mono_text.o
 .debug_aranges
                0x00000180       0x60 src/oled/gfx_mono_ug_2832hsweg04.o
 .debug_aranges
                0x000001e0       0x30 src/oled/ssd1306.o
 .debug_aranges
                0x00000210       0x18 src/oled/sysfont.o
 .debug_aranges
                0x00000228       0x20 src/ASF/common/services/delay/sam/cycle_counter.o
 .debug_aranges
                0x00000248       0x40 src/ASF/common/services/clock/same70/sysclk.o
 .debug_aranges
                0x00000288       0x28 src/ASF/common/utils/interrupt/interrupt_sam_nvic.o
 .debug_aranges
                0x000002b0       0x20 src/ASF/sam/boards/same70_xplained/init.o
 .debug_aranges
                0x000002d0      0x1a8 src/ASF/sam/drivers/pio/pio.o
 .debug_aranges
                0x00000478       0x60 src/ASF/sam/drivers/pio/pio_handler.o
 .debug_aranges
                0x000004d8      0x250 src/ASF/sam/drivers/pmc/pmc.o
 .debug_aranges
                0x00000728       0x28 src/ASF/sam/utils/cmsis/same70/source/templates/gcc/startup_same70.o
 .debug_aranges
                0x00000750       0x30 src/ASF/sam/utils/cmsis/same70/source/templates/system_same70.o
 .debug_aranges
                0x00000780       0x20 src/main.o

.debug_ranges   0x00000000      0x7f0
 .debug_ranges  0x00000000       0x80 src/ASF/sam/drivers/spi/spi.o
 .debug_ranges  0x00000080       0x48 src/oled/gfx_mono_framebuffer.o
 .debug_ranges  0x000000c8       0x48 src/oled/gfx_mono_generic.o
 .debug_ranges  0x00000110       0x48 src/oled/gfx_mono_text.o
 .debug_ranges  0x00000158       0x80 src/oled/gfx_mono_ug_2832hsweg04.o
 .debug_ranges  0x000001d8       0x20 src/oled/ssd1306.o
 .debug_ranges  0x000001f8       0x10 src/ASF/common/services/delay/sam/cycle_counter.o
 .debug_ranges  0x00000208       0x30 src/ASF/common/services/clock/same70/sysclk.o
 .debug_ranges  0x00000238       0x18 src/ASF/common/utils/interrupt/interrupt_sam_nvic.o
 .debug_ranges  0x00000250       0x10 src/ASF/sam/boards/same70_xplained/init.o
 .debug_ranges  0x00000260      0x2a0 src/ASF/sam/drivers/pio/pio.o
 .debug_ranges  0x00000500       0x68 src/ASF/sam/drivers/pio/pio_handler.o
 .debug_ranges  0x00000568      0x240 src/ASF/sam/drivers/pmc/pmc.o
 .debug_ranges  0x000007a8       0x18 src/ASF/sam/utils/cmsis/same70/source/templates/gcc/startup_same70.o
 .debug_ranges  0x000007c0       0x20 src/ASF/sam/utils/cmsis/same70/source/templates/system_same70.o
 .debug_ranges  0x000007e0       0x10 src/main.o

.debug_macro    0x00000000    0x204ca
 .debug_macro   0x00000000      0x6d9 src/ASF/sam/drivers/spi/spi.o
 .debug_macro   0x000006d9      0x8ce src/ASF/sam/drivers/spi/spi.o
 .debug_macro   0x00000fa7      0x16d src/ASF/sam/drivers/spi/spi.o
 .debug_macro   0x00001114      0x64b src/ASF/sam/drivers/spi/spi.o
 .debug_macro   0x0000175f       0x76 src/ASF/sam/drivers/spi/spi.o
 .debug_macro   0x000017d5       0x16 src/ASF/sam/drivers/spi/spi.o
 .debug_macro   0x000017eb      0x6e4 src/ASF/sam/drivers/spi/spi.o
 .debug_macro   0x00001ecf       0x22 src/ASF/sam/drivers/spi/spi.o
 .debug_macro   0x00001ef1       0x87 src/ASF/sam/drivers/spi/spi.o
 .debug_macro   0x00001f78       0x51 src/ASF/sam/drivers/spi/spi.o
 .debug_macro   0x00001fc9       0xef src/ASF/sam/drivers/spi/spi.o
 .debug_macro   0x000020b8       0x6a src/ASF/sam/drivers/spi/spi.o
 .debug_macro   0x00002122      0x1df src/ASF/sam/drivers/spi/spi.o
 .debug_macro   0x00002301       0x4a src/ASF/sam/drivers/spi/spi.o
 .debug_macro   0x0000234b       0x3b src/ASF/sam/drivers/spi/spi.o
 .debug_macro   0x00002386       0x2d src/ASF/sam/drivers/spi/spi.o
 .debug_macro   0x000023b3       0x26 src/ASF/sam/drivers/spi/spi.o
 .debug_macro   0x000023d9      0xf9a src/ASF/sam/drivers/spi/spi.o
 .debug_macro   0x00003373      0x175 src/ASF/sam/drivers/spi/spi.o
 .debug_macro   0x000034e8      0x257 src/ASF/sam/drivers/spi/spi.o
 .debug_macro   0x0000373f      0xa0f src/ASF/sam/drivers/spi/spi.o
 .debug_macro   0x0000414e      0x1b9 src/ASF/sam/drivers/spi/spi.o
 .debug_macro   0x00004307      0x336 src/ASF/sam/drivers/spi/spi.o
 .debug_macro   0x0000463d      0x15b src/ASF/sam/drivers/spi/spi.o
 .debug_macro   0x00004798     0x1851 src/ASF/sam/drivers/spi/spi.o
 .debug_macro   0x00005fe9       0x1c src/ASF/sam/drivers/spi/spi.o
 .debug_macro   0x00006005      0x68d src/ASF/sam/drivers/spi/spi.o
 .debug_macro   0x00006692      0x31e src/ASF/sam/drivers/spi/spi.o
 .debug_macro   0x000069b0      0x4d4 src/ASF/sam/drivers/spi/spi.o
 .debug_macro   0x00006e84      0x56e src/ASF/sam/drivers/spi/spi.o
 .debug_macro   0x000073f2     0x1332 src/ASF/sam/drivers/spi/spi.o
 .debug_macro   0x00008724     0x278d src/ASF/sam/drivers/spi/spi.o
 .debug_macro   0x0000aeb1     0x102b src/ASF/sam/drivers/spi/spi.o
 .debug_macro   0x0000bedc      0xe01 src/ASF/sam/drivers/spi/spi.o
 .debug_macro   0x0000ccdd      0x3b1 src/ASF/sam/drivers/spi/spi.o
 .debug_macro   0x0000d08e       0xa0 src/ASF/sam/drivers/spi/spi.o
 .debug_macro   0x0000d12e       0x76 src/ASF/sam/drivers/spi/spi.o
 .debug_macro   0x0000d1a4      0x409 src/ASF/sam/drivers/spi/spi.o
 .debug_macro   0x0000d5ad       0x64 src/ASF/sam/drivers/spi/spi.o
 .debug_macro   0x0000d611      0x284 src/ASF/sam/drivers/spi/spi.o
 .debug_macro   0x0000d895      0x1d0 src/ASF/sam/drivers/spi/spi.o
 .debug_macro   0x0000da65      0x248 src/ASF/sam/drivers/spi/spi.o
 .debug_macro   0x0000dcad      0x524 src/ASF/sam/drivers/spi/spi.o
 .debug_macro   0x0000e1d1      0x63b src/ASF/sam/drivers/spi/spi.o
 .debug_macro   0x0000e80c      0x6b8 src/ASF/sam/drivers/spi/spi.o
 .debug_macro   0x0000eec4       0x4c src/ASF/sam/drivers/spi/spi.o
 .debug_macro   0x0000ef10      0x468 src/ASF/sam/drivers/spi/spi.o
 .debug_macro   0x0000f378      0x207 src/ASF/sam/drivers/spi/spi.o
 .debug_macro   0x0000f57f      0x866 src/ASF/sam/drivers/spi/spi.o
 .debug_macro   0x0000fde5     0x1547 src/ASF/sam/drivers/spi/spi.o
 .debug_macro   0x0001132c       0x40 src/ASF/sam/drivers/spi/spi.o
 .debug_macro   0x0001136c       0x76 src/ASF/sam/drivers/spi/spi.o
 .debug_macro   0x000113e2      0xdaf src/ASF/sam/drivers/spi/spi.o
 .debug_macro   0x00012191       0x82 src/ASF/sam/drivers/spi/spi.o
 .debug_macro   0x00012213       0x76 src/ASF/sam/drivers/spi/spi.o
 .debug_macro   0x00012289       0x4c src/ASF/sam/drivers/spi/spi.o
 .debug_macro   0x000122d5      0x135 src/ASF/sam/drivers/spi/spi.o
 .debug_macro   0x0001240a      0x135 src/ASF/sam/drivers/spi/spi.o
 .debug_macro   0x0001253f      0x135 src/ASF/sam/drivers/spi/spi.o
 .debug_macro   0x00012674       0x6a src/ASF/sam/drivers/spi/spi.o
 .debug_macro   0x000126de       0x6a src/ASF/sam/drivers/spi/spi.o
 .debug_macro   0x00012748      0x313 src/ASF/sam/drivers/spi/spi.o
 .debug_macro   0x00012a5b       0xb2 src/ASF/sam/drivers/spi/spi.o
 .debug_macro   0x00012b0d       0xb2 src/ASF/sam/drivers/spi/spi.o
 .debug_macro   0x00012bbf       0xb2 src/ASF/sam/drivers/spi/spi.o
 .debug_macro   0x00012c71      0x11d src/ASF/sam/drivers/spi/spi.o
 .debug_macro   0x00012d8e      0x11d src/ASF/sam/drivers/spi/spi.o
 .debug_macro   0x00012eab      0x2cd src/ASF/sam/drivers/spi/spi.o
 .debug_macro   0x00013178       0xb8 src/ASF/sam/drivers/spi/spi.o
 .debug_macro   0x00013230       0x5e src/ASF/sam/drivers/spi/spi.o
 .debug_macro   0x0001328e       0x40 src/ASF/sam/drivers/spi/spi.o
 .debug_macro   0x000132ce       0x4c src/ASF/sam/drivers/spi/spi.o
 .debug_macro   0x0001331a       0xa0 src/ASF/sam/drivers/spi/spi.o
 .debug_macro   0x000133ba      0x494 src/ASF/sam/drivers/spi/spi.o
 .debug_macro   0x0001384e      0x135 src/ASF/sam/drivers/spi/spi.o
 .debug_macro   0x00013983       0x4c src/ASF/sam/drivers/spi/spi.o
 .debug_macro   0x000139cf      0x313 src/ASF/sam/drivers/spi/spi.o
 .debug_macro   0x00013ce2       0x6a src/ASF/sam/drivers/spi/spi.o
 .debug_macro   0x00013d4c       0xb8 src/ASF/sam/drivers/spi/spi.o
 .debug_macro   0x00013e04       0x6a src/ASF/sam/drivers/spi/spi.o
 .debug_macro   0x00013e6e       0x2e src/ASF/sam/drivers/spi/spi.o
 .debug_macro   0x00013e9c      0x9b1 src/ASF/sam/drivers/spi/spi.o
 .debug_macro   0x0001484d       0x6a src/ASF/sam/drivers/spi/spi.o
 .debug_macro   0x000148b7       0x88 src/ASF/sam/drivers/spi/spi.o
 .debug_macro   0x0001493f       0x58 src/ASF/sam/drivers/spi/spi.o
 .debug_macro   0x00014997       0xe2 src/ASF/sam/drivers/spi/spi.o
 .debug_macro   0x00014a79       0x16 src/ASF/sam/drivers/spi/spi.o
 .debug_macro   0x00014a8f       0xe2 src/ASF/sam/drivers/spi/spi.o
 .debug_macro   0x00014b71       0x4c src/ASF/sam/drivers/spi/spi.o
 .debug_macro   0x00014bbd       0x16 src/ASF/sam/drivers/spi/spi.o
 .debug_macro   0x00014bd3       0x4c src/ASF/sam/drivers/spi/spi.o
 .debug_macro   0x00014c1f       0x2e src/ASF/sam/drivers/spi/spi.o
 .debug_macro   0x00014c4d      0x1b5 src/ASF/sam/drivers/spi/spi.o
 .debug_macro   0x00014e02      0x1b5 src/ASF/sam/drivers/spi/spi.o
 .debug_macro   0x00014fb7      0x1b5 src/ASF/sam/drivers/spi/spi.o
 .debug_macro   0x0001516c      0x1b5 src/ASF/sam/drivers/spi/spi.o
 .debug_macro   0x00015321      0x1b5 src/ASF/sam/drivers/spi/spi.o
 .debug_macro   0x000154d6       0x1c src/ASF/sam/drivers/spi/spi.o
 .debug_macro   0x000154f2       0x2e src/ASF/sam/drivers/spi/spi.o
 .debug_macro   0x00015520       0x22 src/ASF/sam/drivers/spi/spi.o
 .debug_macro   0x00015542       0x1c src/ASF/sam/drivers/spi/spi.o
 .debug_macro   0x0001555e       0x52 src/ASF/sam/drivers/spi/spi.o
 .debug_macro   0x000155b0       0x10 src/ASF/sam/drivers/spi/spi.o
 .debug_macro   0x000155c0       0x1c src/ASF/sam/drivers/spi/spi.o
 .debug_macro   0x000155dc       0x4c src/ASF/sam/drivers/spi/spi.o
 .debug_macro   0x00015628       0x4c src/ASF/sam/drivers/spi/spi.o
 .debug_macro   0x00015674       0x4c src/ASF/sam/drivers/spi/spi.o
 .debug_macro   0x000156c0      0x31b src/ASF/sam/drivers/spi/spi.o
 .debug_macro   0x000159db     0x1022 src/ASF/sam/drivers/spi/spi.o
 .debug_macro   0x000169fd      0x107 src/ASF/sam/drivers/spi/spi.o
 .debug_macro   0x00016b04       0x58 src/ASF/sam/drivers/spi/spi.o
 .debug_macro   0x00016b5c       0x35 src/ASF/sam/drivers/spi/spi.o
 .debug_macro   0x00016b91       0x9c src/ASF/sam/drivers/spi/spi.o
 .debug_macro   0x00016c2d       0x16 src/ASF/sam/drivers/spi/spi.o
 .debug_macro   0x00016c43       0x35 src/ASF/sam/drivers/spi/spi.o
 .debug_macro   0x00016c78      0x353 src/ASF/sam/drivers/spi/spi.o
 .debug_macro   0x00016fcb       0x10 src/ASF/sam/drivers/spi/spi.o
 .debug_macro   0x00016fdb       0x58 src/ASF/sam/drivers/spi/spi.o
 .debug_macro   0x00017033       0x1f src/ASF/sam/drivers/spi/spi.o
 .debug_macro   0x00017052       0x43 src/ASF/sam/drivers/spi/spi.o
 .debug_macro   0x00017095       0x20 src/ASF/sam/drivers/spi/spi.o
 .debug_macro   0x000170b5      0x187 src/ASF/sam/drivers/spi/spi.o
 .debug_macro   0x0001723c       0x10 src/ASF/sam/drivers/spi/spi.o
 .debug_macro   0x0001724c       0x1c src/ASF/sam/drivers/spi/spi.o
 .debug_macro   0x00017268       0x52 src/ASF/sam/drivers/spi/spi.o
 .debug_macro   0x000172ba       0x40 src/ASF/sam/drivers/spi/spi.o
 .debug_macro   0x000172fa       0x10 src/ASF/sam/drivers/spi/spi.o
 .debug_macro   0x0001730a       0x40 src/ASF/sam/drivers/spi/spi.o
 .debug_macro   0x0001734a       0xd7 src/ASF/sam/drivers/spi/spi.o
 .debug_macro   0x00017421       0x16 src/ASF/sam/drivers/spi/spi.o
 .debug_macro   0x00017437      0x18b src/ASF/sam/drivers/spi/spi.o
 .debug_macro   0x000175c2       0x22 src/ASF/sam/drivers/spi/spi.o
 .debug_macro   0x000175e4       0x16 src/ASF/sam/drivers/spi/spi.o
 .debug_macro   0x000175fa       0x16 src/ASF/sam/drivers/spi/spi.o
 .debug_macro   0x00017610       0x29 src/ASF/sam/drivers/spi/spi.o
 .debug_macro   0x00017639       0x75 src/ASF/sam/drivers/spi/spi.o
 .debug_macro   0x000176ae       0x3f src/ASF/sam/drivers/spi/spi.o
 .debug_macro   0x000176ed      0x3ca src/ASF/sam/drivers/spi/spi.o
 .debug_macro   0x00017ab7       0x10 src/ASF/sam/drivers/spi/spi.o
 .debug_macro   0x00017ac7       0x3a src/ASF/sam/drivers/spi/spi.o
 .debug_macro   0x00017b01      0x2c6 src/ASF/sam/drivers/spi/spi.o
 .debug_macro   0x00017dc7      0xa96 src/ASF/sam/drivers/spi/spi.o
 .debug_macro   0x0001885d       0x70 src/ASF/sam/drivers/spi/spi.o
 .debug_macro   0x000188cd       0x64 src/ASF/sam/drivers/spi/spi.o
 .debug_macro   0x00018931       0x5f src/ASF/sam/drivers/spi/spi.o
 .debug_macro   0x00018990       0xac src/ASF/sam/drivers/spi/spi.o
 .debug_macro   0x00018a3c      0x7c5 src/oled/gfx_mono_framebuffer.o
 .debug_macro   0x00019201       0x50 src/oled/gfx_mono_framebuffer.o
 .debug_macro   0x00019251       0x22 src/oled/gfx_mono_framebuffer.o
 .debug_macro   0x00019273       0x7b src/oled/gfx_mono_framebuffer.o
 .debug_macro   0x000192ee       0x28 src/oled/gfx_mono_framebuffer.o
 .debug_macro   0x00019316       0x23 src/oled/gfx_mono_framebuffer.o
 .debug_macro   0x00019339       0x94 src/oled/gfx_mono_framebuffer.o
 .debug_macro   0x000193cd       0x40 src/oled/gfx_mono_framebuffer.o
 .debug_macro   0x0001940d       0x88 src/oled/gfx_mono_framebuffer.o
 .debug_macro   0x00019495      0x1ce src/oled/gfx_mono_framebuffer.o
 .debug_macro   0x00019663       0x34 src/oled/gfx_mono_framebuffer.o
 .debug_macro   0x00019697       0x16 src/oled/gfx_mono_framebuffer.o
 .debug_macro   0x000196ad       0x1c src/oled/gfx_mono_framebuffer.o
 .debug_macro   0x000196c9       0x16 src/oled/gfx_mono_framebuffer.o
 .debug_macro   0x000196df       0x28 src/oled/gfx_mono_framebuffer.o
 .debug_macro   0x00019707       0xd1 src/oled/gfx_mono_framebuffer.o
 .debug_macro   0x000197d8       0x8b src/oled/gfx_mono_framebuffer.o
 .debug_macro   0x00019863      0x7c5 src/oled/gfx_mono_generic.o
 .debug_macro   0x0001a028      0x7de src/oled/gfx_mono_text.o
 .debug_macro   0x0001a806       0x52 src/oled/gfx_mono_text.o
 .debug_macro   0x0001a858       0x8d src/oled/gfx_mono_text.o
 .debug_macro   0x0001a8e5       0x16 src/oled/gfx_mono_text.o
 .debug_macro   0x0001a8fb       0x57 src/oled/gfx_mono_text.o
 .debug_macro   0x0001a952       0x1c src/oled/gfx_mono_text.o
 .debug_macro   0x0001a96e      0x7c9 src/oled/gfx_mono_ug_2832hsweg04.o
 .debug_macro   0x0001b137       0x28 src/oled/gfx_mono_ug_2832hsweg04.o
 .debug_macro   0x0001b15f      0x79f src/oled/ssd1306.o
 .debug_macro   0x0001b8fe      0x69c src/oled/sysfont.o
 .debug_macro   0x0001bf9a       0x3a src/oled/sysfont.o
 .debug_macro   0x0001bfd4      0x665 src/ASF/common/services/delay/sam/cycle_counter.o
 .debug_macro   0x0001c639       0x22 src/ASF/common/services/delay/sam/cycle_counter.o
 .debug_macro   0x0001c65b      0x6d1 src/ASF/common/services/clock/same70/sysclk.o
 .debug_macro   0x0001cd2c      0x2c0 src/ASF/common/services/clock/same70/sysclk.o
 .debug_macro   0x0001cfec      0x655 src/ASF/common/utils/interrupt/interrupt_sam_nvic.o
 .debug_macro   0x0001d641      0x70b src/ASF/sam/boards/same70_xplained/init.o
 .debug_macro   0x0001dd4c       0x82 src/ASF/sam/boards/same70_xplained/init.o
 .debug_macro   0x0001ddce      0x66b src/ASF/sam/drivers/pio/pio.o
 .debug_macro   0x0001e439       0x8e src/ASF/sam/drivers/pio/pio.o
 .debug_macro   0x0001e4c7      0x676 src/ASF/sam/drivers/pio/pio_handler.o
 .debug_macro   0x0001eb3d      0x66b src/ASF/sam/drivers/pmc/pmc.o
 .debug_macro   0x0001f1a8       0x6a src/ASF/sam/drivers/pmc/pmc.o
 .debug_macro   0x0001f212      0x664 src/ASF/sam/utils/cmsis/same70/source/templates/gcc/startup_same70.o
 .debug_macro   0x0001f876       0x10 src/ASF/sam/utils/cmsis/same70/source/templates/gcc/startup_same70.o
 .debug_macro   0x0001f886      0x455 src/ASF/sam/utils/cmsis/same70/source/templates/system_same70.o
 .debug_macro   0x0001fcdb      0x7ef src/main.o

.debug_line     0x00000000     0xd1f2
 .debug_line    0x00000000      0xc2d src/ASF/sam/drivers/spi/spi.o
 .debug_line    0x00000c2d      0xe09 src/oled/gfx_mono_framebuffer.o
 .debug_line    0x00001a36      0xebd src/oled/gfx_mono_generic.o
 .debug_line    0x000028f3      0xe17 src/oled/gfx_mono_text.o
 .debug_line    0x0000370a      0xe91 src/oled/gfx_mono_ug_2832hsweg04.o
 .debug_line    0x0000459b      0xde6 src/oled/ssd1306.o
 .debug_line    0x00005381      0xa07 src/oled/sysfont.o
 .debug_line    0x00005d88      0x9d9 src/ASF/common/services/delay/sam/cycle_counter.o
 .debug_line    0x00006761      0xb3b src/ASF/common/services/clock/same70/sysclk.o
 .debug_line    0x0000729c      0x9ed src/ASF/common/utils/interrupt/interrupt_sam_nvic.o
 .debug_line    0x00007c89      0xbf0 src/ASF/sam/boards/same70_xplained/init.o
 .debug_line    0x00008879      0xecf src/ASF/sam/drivers/pio/pio.o
 .debug_line    0x00009748      0xaab src/ASF/sam/drivers/pio/pio_handler.o
 .debug_line    0x0000a1f3     0x1057 src/ASF/sam/drivers/pmc/pmc.o
 .debug_line    0x0000b24a      0xa5f src/ASF/sam/utils/cmsis/same70/source/templates/gcc/startup_same70.o
 .debug_line    0x0000bca9      0x7d5 src/ASF/sam/utils/cmsis/same70/source/templates/system_same70.o
 .debug_line    0x0000c47e      0xd74 src/main.o

.debug_str      0x00000000    0x8f56d
 .debug_str     0x00000000    0x85e4f src/ASF/sam/drivers/spi/spi.o
                              0x8650c (size before relaxing)
 .debug_str     0x00085e4f     0x2ac3 src/oled/gfx_mono_framebuffer.o
                              0x88bd9 (size before relaxing)
 .debug_str     0x00088912      0x25c src/oled/gfx_mono_generic.o
                              0x88d1d (size before relaxing)
 .debug_str     0x00088b6e      0x266 src/oled/gfx_mono_text.o
                              0x88cf8 (size before relaxing)
 .debug_str     0x00088dd4      0x11c src/oled/gfx_mono_ug_2832hsweg04.o
                              0x88cb9 (size before relaxing)
 .debug_str     0x00088ef0      0x612 src/oled/ssd1306.o
                              0x888f1 (size before relaxing)
 .debug_str     0x00089502     0x3ee1 src/oled/sysfont.o
                              0x8613e (size before relaxing)
 .debug_str     0x0008d3e3       0x35 src/ASF/common/services/delay/sam/cycle_counter.o
                              0x82072 (size before relaxing)
 .debug_str     0x0008d418      0x3f1 src/ASF/common/services/clock/same70/sysclk.o
                              0x86590 (size before relaxing)
 .debug_str     0x0008d809       0x94 src/ASF/common/utils/interrupt/interrupt_sam_nvic.o
                              0x81f42 (size before relaxing)
 .debug_str     0x0008d89d      0x4f4 src/ASF/sam/boards/same70_xplained/init.o
                              0x87080 (size before relaxing)
 .debug_str     0x0008dd91      0x57b src/ASF/sam/drivers/pio/pio.o
                              0x82a98 (size before relaxing)
 .debug_str     0x0008e30c      0x437 src/ASF/sam/drivers/pio/pio_handler.o
                              0x82bba (size before relaxing)
 .debug_str     0x0008e743      0x699 src/ASF/sam/drivers/pmc/pmc.o
                              0x82bfc (size before relaxing)
 .debug_str     0x0008eddc      0x64c src/ASF/sam/utils/cmsis/same70/source/templates/gcc/startup_same70.o
                              0x8270f (size before relaxing)
 .debug_str     0x0008f428      0x137 src/ASF/sam/utils/cmsis/same70/source/templates/system_same70.o
                              0x7281b (size before relaxing)
 .debug_str     0x0008f55f        0xe src/main.o
                              0x8c9b8 (size before relaxing)

.debug_frame    0x00000000     0x1278
 .debug_frame   0x00000000      0x140 src/ASF/sam/drivers/spi/spi.o
 .debug_frame   0x00000140       0xdc src/oled/gfx_mono_framebuffer.o
 .debug_frame   0x0000021c      0x168 src/oled/gfx_mono_generic.o
 .debug_frame   0x00000384       0xc8 src/oled/gfx_mono_text.o
 .debug_frame   0x0000044c      0x124 src/oled/gfx_mono_ug_2832hsweg04.o
 .debug_frame   0x00000570       0x6c src/oled/ssd1306.o
 .debug_frame   0x000005dc       0x20 src/ASF/common/services/delay/sam/cycle_counter.o
 .debug_frame   0x000005fc       0x88 src/ASF/common/services/clock/same70/sysclk.o
 .debug_frame   0x00000684       0x30 src/ASF/common/utils/interrupt/interrupt_sam_nvic.o
 .debug_frame   0x000006b4       0x30 src/ASF/sam/boards/same70_xplained/init.o
 .debug_frame   0x000006e4      0x390 src/ASF/sam/drivers/pio/pio.o
 .debug_frame   0x00000a74      0x110 src/ASF/sam/drivers/pio/pio_handler.o
 .debug_frame   0x00000b84      0x494 src/ASF/sam/drivers/pmc/pmc.o
 .debug_frame   0x00001018       0x38 src/ASF/sam/utils/cmsis/same70/source/templates/gcc/startup_same70.o
 .debug_frame   0x00001050       0x40 src/ASF/sam/utils/cmsis/same70/source/templates/system_same70.o
 .debug_frame   0x00001090       0x28 src/main.o
 .debug_frame   0x000010b8       0x2c d:/programas no hdd/embarcados/7.0/toolchain/arm/arm-gnu-toolchain/bin/../lib/gcc/arm-none-eabi/6.3.1/../../../../arm-none-eabi/lib/thumb/v7e-m\libc.a(lib_a-init.o)
 .debug_frame   0x000010e4       0x5c d:/programas no hdd/embarcados/7.0/toolchain/arm/arm-gnu-toolchain/bin/../lib/gcc/arm-none-eabi/6.3.1/../../../../arm-none-eabi/lib/thumb/v7e-m\libc.a(lib_a-__call_atexit.o)
 .debug_frame   0x00001140       0x20 d:/programas no hdd/embarcados/7.0/toolchain/arm/arm-gnu-toolchain/bin/../lib/gcc/arm-none-eabi/6.3.1/../../../../arm-none-eabi/lib/thumb/v7e-m\libc.a(lib_a-atexit.o)
 .debug_frame   0x00001160       0x34 d:/programas no hdd/embarcados/7.0/toolchain/arm/arm-gnu-toolchain/bin/../lib/gcc/arm-none-eabi/6.3.1/../../../../arm-none-eabi/lib/thumb/v7e-m\libc.a(lib_a-fini.o)
 .debug_frame   0x00001194       0xb0 d:/programas no hdd/embarcados/7.0/toolchain/arm/arm-gnu-toolchain/bin/../lib/gcc/arm-none-eabi/6.3.1/../../../../arm-none-eabi/lib/thumb/v7e-m\libc.a(lib_a-lock.o)
 .debug_frame   0x00001244       0x34 d:/programas no hdd/embarcados/7.0/toolchain/arm/arm-gnu-toolchain/bin/../lib/gcc/arm-none-eabi/6.3.1/../../../../arm-none-eabi/lib/thumb/v7e-m\libc.a(lib_a-__atexit.o)

Cross Reference Table

Symbol                                            File
ACC_Handler                                       src/ASF/sam/utils/cmsis/same70/source/templates/gcc/startup_same70.o
AES_Handler                                       src/ASF/sam/utils/cmsis/same70/source/templates/gcc/startup_same70.o
AFEC0_Handler                                     src/ASF/sam/utils/cmsis/same70/source/templates/gcc/startup_same70.o
AFEC1_Handler                                     src/ASF/sam/utils/cmsis/same70/source/templates/gcc/startup_same70.o
BusFault_Handler                                  src/ASF/sam/utils/cmsis/same70/source/templates/gcc/startup_same70.o
DACC_Handler                                      src/ASF/sam/utils/cmsis/same70/source/templates/gcc/startup_same70.o
DebugMon_Handler                                  src/ASF/sam/utils/cmsis/same70/source/templates/gcc/startup_same70.o
Dummy_Handler                                     src/ASF/sam/utils/cmsis/same70/source/templates/gcc/startup_same70.o
EFC_Handler                                       src/ASF/sam/utils/cmsis/same70/source/templates/gcc/startup_same70.o
GMAC_Handler                                      src/ASF/sam/utils/cmsis/same70/source/templates/gcc/startup_same70.o
HSMCI_Handler                                     src/ASF/sam/utils/cmsis/same70/source/templates/gcc/startup_same70.o
HardFault_Handler                                 src/ASF/sam/utils/cmsis/same70/source/templates/gcc/startup_same70.o
ICM_Handler                                       src/ASF/sam/utils/cmsis/same70/source/templates/gcc/startup_same70.o
ISI_Handler                                       src/ASF/sam/utils/cmsis/same70/source/templates/gcc/startup_same70.o
MCAN0_Handler                                     src/ASF/sam/utils/cmsis/same70/source/templates/gcc/startup_same70.o
MCAN1_Handler                                     src/ASF/sam/utils/cmsis/same70/source/templates/gcc/startup_same70.o
MemManage_Handler                                 src/ASF/sam/utils/cmsis/same70/source/templates/gcc/startup_same70.o
NMI_Handler                                       src/ASF/sam/utils/cmsis/same70/source/templates/gcc/startup_same70.o
PIOA_Handler                                      src/ASF/sam/drivers/pio/pio_handler.o
PIOB_Handler                                      src/ASF/sam/drivers/pio/pio_handler.o
PIOC_Handler                                      src/ASF/sam/drivers/pio/pio_handler.o
PIOD_Handler                                      src/ASF/sam/drivers/pio/pio_handler.o
PIOE_Handler                                      src/ASF/sam/drivers/pio/pio_handler.o
PMC_Handler                                       src/ASF/sam/utils/cmsis/same70/source/templates/gcc/startup_same70.o
PWM0_Handler                                      src/ASF/sam/utils/cmsis/same70/source/templates/gcc/startup_same70.o
PWM1_Handler                                      src/ASF/sam/utils/cmsis/same70/source/templates/gcc/startup_same70.o
PendSV_Handler                                    src/ASF/sam/utils/cmsis/same70/source/templates/gcc/startup_same70.o
QSPI_Handler                                      src/ASF/sam/utils/cmsis/same70/source/templates/gcc/startup_same70.o
RSTC_Handler                                      src/ASF/sam/utils/cmsis/same70/source/templates/gcc/startup_same70.o
RSWDT_Handler                                     src/ASF/sam/utils/cmsis/same70/source/templates/gcc/startup_same70.o
RTC_Handler                                       src/ASF/sam/utils/cmsis/same70/source/templates/gcc/startup_same70.o
RTT_Handler                                       src/ASF/sam/utils/cmsis/same70/source/templates/gcc/startup_same70.o
Reset_Handler                                     src/ASF/sam/utils/cmsis/same70/source/templates/gcc/startup_same70.o
SDRAMC_Handler                                    src/ASF/sam/utils/cmsis/same70/source/templates/gcc/startup_same70.o
SPI0_Handler                                      src/ASF/sam/utils/cmsis/same70/source/templates/gcc/startup_same70.o
SPI1_Handler                                      src/ASF/sam/utils/cmsis/same70/source/templates/gcc/startup_same70.o
SSC_Handler                                       src/ASF/sam/utils/cmsis/same70/source/templates/gcc/startup_same70.o
SUPC_Handler                                      src/ASF/sam/utils/cmsis/same70/source/templates/gcc/startup_same70.o
SVC_Handler                                       src/ASF/sam/utils/cmsis/same70/source/templates/gcc/startup_same70.o
SysTick_Handler                                   src/ASF/sam/utils/cmsis/same70/source/templates/gcc/startup_same70.o
SystemCoreClock                                   src/ASF/sam/utils/cmsis/same70/source/templates/system_same70.o
SystemCoreClockUpdate                             src/ASF/sam/utils/cmsis/same70/source/templates/system_same70.o
                                                  src/ASF/common/services/clock/same70/sysclk.o
SystemInit                                        src/ASF/sam/utils/cmsis/same70/source/templates/system_same70.o
TC0_Handler                                       src/ASF/sam/utils/cmsis/same70/source/templates/gcc/startup_same70.o
TC10_Handler                                      src/ASF/sam/utils/cmsis/same70/source/templates/gcc/startup_same70.o
TC11_Handler                                      src/ASF/sam/utils/cmsis/same70/source/templates/gcc/startup_same70.o
TC1_Handler                                       src/ASF/sam/utils/cmsis/same70/source/templates/gcc/startup_same70.o
TC2_Handler                                       src/ASF/sam/utils/cmsis/same70/source/templates/gcc/startup_same70.o
TC3_Handler                                       src/ASF/sam/utils/cmsis/same70/source/templates/gcc/startup_same70.o
TC4_Handler                                       src/ASF/sam/utils/cmsis/same70/source/templates/gcc/startup_same70.o
TC5_Handler                                       src/ASF/sam/utils/cmsis/same70/source/templates/gcc/startup_same70.o
TC6_Handler                                       src/ASF/sam/utils/cmsis/same70/source/templates/gcc/startup_same70.o
TC7_Handler                                       src/ASF/sam/utils/cmsis/same70/source/templates/gcc/startup_same70.o
TC8_Handler                                       src/ASF/sam/utils/cmsis/same70/source/templates/gcc/startup_same70.o
TC9_Handler                                       src/ASF/sam/utils/cmsis/same70/source/templates/gcc/startup_same70.o
TRNG_Handler                                      src/ASF/sam/utils/cmsis/same70/source/templates/gcc/startup_same70.o
TWIHS0_Handler                                    src/ASF/sam/utils/cmsis/same70/source/templates/gcc/startup_same70.o
TWIHS1_Handler                                    src/ASF/sam/utils/cmsis/same70/source/templates/gcc/startup_same70.o
TWIHS2_Handler                                    src/ASF/sam/utils/cmsis/same70/source/templates/gcc/startup_same70.o
UART0_Handler                                     src/ASF/sam/utils/cmsis/same70/source/templates/gcc/startup_same70.o
UART1_Handler                                     src/ASF/sam/utils/cmsis/same70/source/templates/gcc/startup_same70.o
UART2_Handler                                     src/ASF/sam/utils/cmsis/same70/source/templates/gcc/startup_same70.o
UART3_Handler                                     src/ASF/sam/utils/cmsis/same70/source/templates/gcc/startup_same70.o
UART4_Handler                                     src/ASF/sam/utils/cmsis/same70/source/templates/gcc/startup_same70.o
USART0_Handler                                    src/ASF/sam/utils/cmsis/same70/source/templates/gcc/startup_same70.o
USART1_Handler                                    src/ASF/sam/utils/cmsis/same70/source/templates/gcc/startup_same70.o
USART2_Handler                                    src/ASF/sam/utils/cmsis/same70/source/templates/gcc/startup_same70.o
USBHS_Handler                                     src/ASF/sam/utils/cmsis/same70/source/templates/gcc/startup_same70.o
UsageFault_Handler                                src/ASF/sam/utils/cmsis/same70/source/templates/gcc/startup_same70.o
WDT_Handler                                       src/ASF/sam/utils/cmsis/same70/source/templates/gcc/startup_same70.o
XDMAC_Handler                                     src/ASF/sam/utils/cmsis/same70/source/templates/gcc/startup_same70.o
_Jv_RegisterClasses                               d:/programas no hdd/embarcados/7.0/toolchain/arm/arm-gnu-toolchain/bin/../lib/gcc/arm-none-eabi/6.3.1/thumb/v7e-m/crtbegin.o
__atexit_recursive_mutex                          d:/programas no hdd/embarcados/7.0/toolchain/arm/arm-gnu-toolchain/bin/../lib/gcc/arm-none-eabi/6.3.1/../../../../arm-none-eabi/lib/thumb/v7e-m\libc.a(lib_a-__call_atexit.o)
                                                  d:/programas no hdd/embarcados/7.0/toolchain/arm/arm-gnu-toolchain/bin/../lib/gcc/arm-none-eabi/6.3.1/../../../../arm-none-eabi/lib/thumb/v7e-m\libc.a(lib_a-__atexit.o)
__bss_end__                                       d:/programas no hdd/embarcados/7.0/toolchain/arm/arm-gnu-toolchain/bin/../lib/gcc/arm-none-eabi/6.3.1/../../../../arm-none-eabi/lib/thumb/v7e-m/crt0.o
__bss_start__                                     d:/programas no hdd/embarcados/7.0/toolchain/arm/arm-gnu-toolchain/bin/../lib/gcc/arm-none-eabi/6.3.1/../../../../arm-none-eabi/lib/thumb/v7e-m/crt0.o
__call_exitprocs                                  d:/programas no hdd/embarcados/7.0/toolchain/arm/arm-gnu-toolchain/bin/../lib/gcc/arm-none-eabi/6.3.1/../../../../arm-none-eabi/lib/thumb/v7e-m\libc.a(lib_a-__call_atexit.o)
                                                  d:/programas no hdd/embarcados/7.0/toolchain/arm/arm-gnu-toolchain/bin/../lib/gcc/arm-none-eabi/6.3.1/../../../../arm-none-eabi/lib/thumb/v7e-m\libc.a(lib_a-exit.o)
__deregister_frame_info                           d:/programas no hdd/embarcados/7.0/toolchain/arm/arm-gnu-toolchain/bin/../lib/gcc/arm-none-eabi/6.3.1/thumb/v7e-m/crtbegin.o
__dso_handle                                      d:/programas no hdd/embarcados/7.0/toolchain/arm/arm-gnu-toolchain/bin/../lib/gcc/arm-none-eabi/6.3.1/thumb/v7e-m/crtbegin.o
__fini_array_end                                  d:/programas no hdd/embarcados/7.0/toolchain/arm/arm-gnu-toolchain/bin/../lib/gcc/arm-none-eabi/6.3.1/../../../../arm-none-eabi/lib/thumb/v7e-m\libc.a(lib_a-fini.o)
__fini_array_start                                d:/programas no hdd/embarcados/7.0/toolchain/arm/arm-gnu-toolchain/bin/../lib/gcc/arm-none-eabi/6.3.1/../../../../arm-none-eabi/lib/thumb/v7e-m\libc.a(lib_a-fini.o)
__init_array_end                                  d:/programas no hdd/embarcados/7.0/toolchain/arm/arm-gnu-toolchain/bin/../lib/gcc/arm-none-eabi/6.3.1/../../../../arm-none-eabi/lib/thumb/v7e-m\libc.a(lib_a-init.o)
__init_array_start                                d:/programas no hdd/embarcados/7.0/toolchain/arm/arm-gnu-toolchain/bin/../lib/gcc/arm-none-eabi/6.3.1/../../../../arm-none-eabi/lib/thumb/v7e-m\libc.a(lib_a-init.o)
__libc_fini                                       d:/programas no hdd/embarcados/7.0/toolchain/arm/arm-gnu-toolchain/bin/../lib/gcc/arm-none-eabi/6.3.1/../../../../arm-none-eabi/lib/thumb/v7e-m\libc.a(lib_a-__call_atexit.o)
__libc_fini_array                                 d:/programas no hdd/embarcados/7.0/toolchain/arm/arm-gnu-toolchain/bin/../lib/gcc/arm-none-eabi/6.3.1/../../../../arm-none-eabi/lib/thumb/v7e-m\libc.a(lib_a-fini.o)
                                                  d:/programas no hdd/embarcados/7.0/toolchain/arm/arm-gnu-toolchain/bin/../lib/gcc/arm-none-eabi/6.3.1/../../../../arm-none-eabi/lib/thumb/v7e-m\libc.a(lib_a-__call_atexit.o)
                                                  d:/programas no hdd/embarcados/7.0/toolchain/arm/arm-gnu-toolchain/bin/../lib/gcc/arm-none-eabi/6.3.1/../../../../arm-none-eabi/lib/thumb/v7e-m/crt0.o
__libc_init_array                                 d:/programas no hdd/embarcados/7.0/toolchain/arm/arm-gnu-toolchain/bin/../lib/gcc/arm-none-eabi/6.3.1/../../../../arm-none-eabi/lib/thumb/v7e-m\libc.a(lib_a-init.o)
                                                  src/ASF/sam/utils/cmsis/same70/source/templates/gcc/startup_same70.o
                                                  d:/programas no hdd/embarcados/7.0/toolchain/arm/arm-gnu-toolchain/bin/../lib/gcc/arm-none-eabi/6.3.1/../../../../arm-none-eabi/lib/thumb/v7e-m/crt0.o
__lock___arc4random_mutex                         d:/programas no hdd/embarcados/7.0/toolchain/arm/arm-gnu-toolchain/bin/../lib/gcc/arm-none-eabi/6.3.1/../../../../arm-none-eabi/lib/thumb/v7e-m\libc.a(lib_a-lock.o)
__lock___at_quick_exit_mutex                      d:/programas no hdd/embarcados/7.0/toolchain/arm/arm-gnu-toolchain/bin/../lib/gcc/arm-none-eabi/6.3.1/../../../../arm-none-eabi/lib/thumb/v7e-m\libc.a(lib_a-lock.o)
__lock___atexit_recursive_mutex                   d:/programas no hdd/embarcados/7.0/toolchain/arm/arm-gnu-toolchain/bin/../lib/gcc/arm-none-eabi/6.3.1/../../../../arm-none-eabi/lib/thumb/v7e-m\libc.a(lib_a-lock.o)
                                                  d:/programas no hdd/embarcados/7.0/toolchain/arm/arm-gnu-toolchain/bin/../lib/gcc/arm-none-eabi/6.3.1/../../../../arm-none-eabi/lib/thumb/v7e-m\libc.a(lib_a-__call_atexit.o)
__lock___dd_hash_mutex                            d:/programas no hdd/embarcados/7.0/toolchain/arm/arm-gnu-toolchain/bin/../lib/gcc/arm-none-eabi/6.3.1/../../../../arm-none-eabi/lib/thumb/v7e-m\libc.a(lib_a-lock.o)
__lock___env_recursive_mutex                      d:/programas no hdd/embarcados/7.0/toolchain/arm/arm-gnu-toolchain/bin/../lib/gcc/arm-none-eabi/6.3.1/../../../../arm-none-eabi/lib/thumb/v7e-m\libc.a(lib_a-lock.o)
__lock___malloc_recursive_mutex                   d:/programas no hdd/embarcados/7.0/toolchain/arm/arm-gnu-toolchain/bin/../lib/gcc/arm-none-eabi/6.3.1/../../../../arm-none-eabi/lib/thumb/v7e-m\libc.a(lib_a-lock.o)
__lock___sfp_recursive_mutex                      d:/programas no hdd/embarcados/7.0/toolchain/arm/arm-gnu-toolchain/bin/../lib/gcc/arm-none-eabi/6.3.1/../../../../arm-none-eabi/lib/thumb/v7e-m\libc.a(lib_a-lock.o)
__lock___sinit_recursive_mutex                    d:/programas no hdd/embarcados/7.0/toolchain/arm/arm-gnu-toolchain/bin/../lib/gcc/arm-none-eabi/6.3.1/../../../../arm-none-eabi/lib/thumb/v7e-m\libc.a(lib_a-lock.o)
__lock___tz_mutex                                 d:/programas no hdd/embarcados/7.0/toolchain/arm/arm-gnu-toolchain/bin/../lib/gcc/arm-none-eabi/6.3.1/../../../../arm-none-eabi/lib/thumb/v7e-m\libc.a(lib_a-lock.o)
__preinit_array_end                               d:/programas no hdd/embarcados/7.0/toolchain/arm/arm-gnu-toolchain/bin/../lib/gcc/arm-none-eabi/6.3.1/../../../../arm-none-eabi/lib/thumb/v7e-m\libc.a(lib_a-init.o)
__preinit_array_start                             d:/programas no hdd/embarcados/7.0/toolchain/arm/arm-gnu-toolchain/bin/../lib/gcc/arm-none-eabi/6.3.1/../../../../arm-none-eabi/lib/thumb/v7e-m\libc.a(lib_a-init.o)
__ram_end__                                       src/ASF/sam/utils/syscalls/gcc/syscalls.o
__register_exitproc                               d:/programas no hdd/embarcados/7.0/toolchain/arm/arm-gnu-toolchain/bin/../lib/gcc/arm-none-eabi/6.3.1/../../../../arm-none-eabi/lib/thumb/v7e-m\libc.a(lib_a-__atexit.o)
                                                  d:/programas no hdd/embarcados/7.0/toolchain/arm/arm-gnu-toolchain/bin/../lib/gcc/arm-none-eabi/6.3.1/../../../../arm-none-eabi/lib/thumb/v7e-m\libc.a(lib_a-atexit.o)
__register_frame_info                             d:/programas no hdd/embarcados/7.0/toolchain/arm/arm-gnu-toolchain/bin/../lib/gcc/arm-none-eabi/6.3.1/thumb/v7e-m/crtbegin.o
__retarget_lock_acquire                           d:/programas no hdd/embarcados/7.0/toolchain/arm/arm-gnu-toolchain/bin/../lib/gcc/arm-none-eabi/6.3.1/../../../../arm-none-eabi/lib/thumb/v7e-m\libc.a(lib_a-lock.o)
__retarget_lock_acquire_recursive                 d:/programas no hdd/embarcados/7.0/toolchain/arm/arm-gnu-toolchain/bin/../lib/gcc/arm-none-eabi/6.3.1/../../../../arm-none-eabi/lib/thumb/v7e-m\libc.a(lib_a-lock.o)
                                                  d:/programas no hdd/embarcados/7.0/toolchain/arm/arm-gnu-toolchain/bin/../lib/gcc/arm-none-eabi/6.3.1/../../../../arm-none-eabi/lib/thumb/v7e-m\libc.a(lib_a-__atexit.o)
                                                  d:/programas no hdd/embarcados/7.0/toolchain/arm/arm-gnu-toolchain/bin/../lib/gcc/arm-none-eabi/6.3.1/../../../../arm-none-eabi/lib/thumb/v7e-m\libc.a(lib_a-__call_atexit.o)
__retarget_lock_close                             d:/programas no hdd/embarcados/7.0/toolchain/arm/arm-gnu-toolchain/bin/../lib/gcc/arm-none-eabi/6.3.1/../../../../arm-none-eabi/lib/thumb/v7e-m\libc.a(lib_a-lock.o)
__retarget_lock_close_recursive                   d:/programas no hdd/embarcados/7.0/toolchain/arm/arm-gnu-toolchain/bin/../lib/gcc/arm-none-eabi/6.3.1/../../../../arm-none-eabi/lib/thumb/v7e-m\libc.a(lib_a-lock.o)
__retarget_lock_init                              d:/programas no hdd/embarcados/7.0/toolchain/arm/arm-gnu-toolchain/bin/../lib/gcc/arm-none-eabi/6.3.1/../../../../arm-none-eabi/lib/thumb/v7e-m\libc.a(lib_a-lock.o)
__retarget_lock_init_recursive                    d:/programas no hdd/embarcados/7.0/toolchain/arm/arm-gnu-toolchain/bin/../lib/gcc/arm-none-eabi/6.3.1/../../../../arm-none-eabi/lib/thumb/v7e-m\libc.a(lib_a-lock.o)
__retarget_lock_release                           d:/programas no hdd/embarcados/7.0/toolchain/arm/arm-gnu-toolchain/bin/../lib/gcc/arm-none-eabi/6.3.1/../../../../arm-none-eabi/lib/thumb/v7e-m\libc.a(lib_a-lock.o)
__retarget_lock_release_recursive                 d:/programas no hdd/embarcados/7.0/toolchain/arm/arm-gnu-toolchain/bin/../lib/gcc/arm-none-eabi/6.3.1/../../../../arm-none-eabi/lib/thumb/v7e-m\libc.a(lib_a-lock.o)
                                                  d:/programas no hdd/embarcados/7.0/toolchain/arm/arm-gnu-toolchain/bin/../lib/gcc/arm-none-eabi/6.3.1/../../../../arm-none-eabi/lib/thumb/v7e-m\libc.a(lib_a-__atexit.o)
                                                  d:/programas no hdd/embarcados/7.0/toolchain/arm/arm-gnu-toolchain/bin/../lib/gcc/arm-none-eabi/6.3.1/../../../../arm-none-eabi/lib/thumb/v7e-m\libc.a(lib_a-__call_atexit.o)
__retarget_lock_try_acquire                       d:/programas no hdd/embarcados/7.0/toolchain/arm/arm-gnu-toolchain/bin/../lib/gcc/arm-none-eabi/6.3.1/../../../../arm-none-eabi/lib/thumb/v7e-m\libc.a(lib_a-lock.o)
__retarget_lock_try_acquire_recursive             d:/programas no hdd/embarcados/7.0/toolchain/arm/arm-gnu-toolchain/bin/../lib/gcc/arm-none-eabi/6.3.1/../../../../arm-none-eabi/lib/thumb/v7e-m\libc.a(lib_a-lock.o)
__stack                                           d:/programas no hdd/embarcados/7.0/toolchain/arm/arm-gnu-toolchain/bin/../lib/gcc/arm-none-eabi/6.3.1/../../../../arm-none-eabi/lib/thumb/v7e-m/crt0.o
_close                                            src/ASF/sam/utils/syscalls/gcc/syscalls.o
_end                                              src/ASF/sam/utils/syscalls/gcc/syscalls.o
_erelocate                                        src/ASF/sam/utils/cmsis/same70/source/templates/gcc/startup_same70.o
_estack                                           src/ASF/sam/utils/cmsis/same70/source/templates/gcc/startup_same70.o
_etext                                            src/ASF/sam/utils/cmsis/same70/source/templates/gcc/startup_same70.o
_exit                                             src/ASF/sam/utils/syscalls/gcc/syscalls.o
                                                  d:/programas no hdd/embarcados/7.0/toolchain/arm/arm-gnu-toolchain/bin/../lib/gcc/arm-none-eabi/6.3.1/../../../../arm-none-eabi/lib/thumb/v7e-m\libc.a(lib_a-exit.o)
_ezero                                            src/ASF/sam/utils/cmsis/same70/source/templates/gcc/startup_same70.o
_fini                                             d:/programas no hdd/embarcados/7.0/toolchain/arm/arm-gnu-toolchain/bin/../lib/gcc/arm-none-eabi/6.3.1/thumb/v7e-m/crti.o
                                                  d:/programas no hdd/embarcados/7.0/toolchain/arm/arm-gnu-toolchain/bin/../lib/gcc/arm-none-eabi/6.3.1/../../../../arm-none-eabi/lib/thumb/v7e-m\libc.a(lib_a-fini.o)
_fstat                                            src/ASF/sam/utils/syscalls/gcc/syscalls.o
_getpid                                           src/ASF/sam/utils/syscalls/gcc/syscalls.o
_global_impure_ptr                                d:/programas no hdd/embarcados/7.0/toolchain/arm/arm-gnu-toolchain/bin/../lib/gcc/arm-none-eabi/6.3.1/../../../../arm-none-eabi/lib/thumb/v7e-m\libc.a(lib_a-impure.o)
                                                  d:/programas no hdd/embarcados/7.0/toolchain/arm/arm-gnu-toolchain/bin/../lib/gcc/arm-none-eabi/6.3.1/../../../../arm-none-eabi/lib/thumb/v7e-m\libc.a(lib_a-__atexit.o)
                                                  d:/programas no hdd/embarcados/7.0/toolchain/arm/arm-gnu-toolchain/bin/../lib/gcc/arm-none-eabi/6.3.1/../../../../arm-none-eabi/lib/thumb/v7e-m\libc.a(lib_a-__call_atexit.o)
                                                  d:/programas no hdd/embarcados/7.0/toolchain/arm/arm-gnu-toolchain/bin/../lib/gcc/arm-none-eabi/6.3.1/../../../../arm-none-eabi/lib/thumb/v7e-m\libc.a(lib_a-exit.o)
_impure_ptr                                       d:/programas no hdd/embarcados/7.0/toolchain/arm/arm-gnu-toolchain/bin/../lib/gcc/arm-none-eabi/6.3.1/../../../../arm-none-eabi/lib/thumb/v7e-m\libc.a(lib_a-impure.o)
_init                                             d:/programas no hdd/embarcados/7.0/toolchain/arm/arm-gnu-toolchain/bin/../lib/gcc/arm-none-eabi/6.3.1/thumb/v7e-m/crti.o
                                                  d:/programas no hdd/embarcados/7.0/toolchain/arm/arm-gnu-toolchain/bin/../lib/gcc/arm-none-eabi/6.3.1/../../../../arm-none-eabi/lib/thumb/v7e-m\libc.a(lib_a-init.o)
_isatty                                           src/ASF/sam/utils/syscalls/gcc/syscalls.o
_kill                                             src/ASF/sam/utils/syscalls/gcc/syscalls.o
_lseek                                            src/ASF/sam/utils/syscalls/gcc/syscalls.o
_mainCRTStartup                                   d:/programas no hdd/embarcados/7.0/toolchain/arm/arm-gnu-toolchain/bin/../lib/gcc/arm-none-eabi/6.3.1/../../../../arm-none-eabi/lib/thumb/v7e-m/crt0.o
_sbrk                                             src/ASF/sam/utils/syscalls/gcc/syscalls.o
_sfixed                                           src/ASF/sam/utils/cmsis/same70/source/templates/gcc/startup_same70.o
_srelocate                                        src/ASF/sam/utils/cmsis/same70/source/templates/gcc/startup_same70.o
_start                                            d:/programas no hdd/embarcados/7.0/toolchain/arm/arm-gnu-toolchain/bin/../lib/gcc/arm-none-eabi/6.3.1/../../../../arm-none-eabi/lib/thumb/v7e-m/crt0.o
_szero                                            src/ASF/sam/utils/cmsis/same70/source/templates/gcc/startup_same70.o
atexit                                            d:/programas no hdd/embarcados/7.0/toolchain/arm/arm-gnu-toolchain/bin/../lib/gcc/arm-none-eabi/6.3.1/../../../../arm-none-eabi/lib/thumb/v7e-m\libc.a(lib_a-atexit.o)
                                                  d:/programas no hdd/embarcados/7.0/toolchain/arm/arm-gnu-toolchain/bin/../lib/gcc/arm-none-eabi/6.3.1/../../../../arm-none-eabi/lib/thumb/v7e-m\libc.a(lib_a-__call_atexit.o)
                                                  d:/programas no hdd/embarcados/7.0/toolchain/arm/arm-gnu-toolchain/bin/../lib/gcc/arm-none-eabi/6.3.1/../../../../arm-none-eabi/lib/thumb/v7e-m/crt0.o
board_init                                        src/ASF/sam/boards/same70_xplained/init.o
                                                  src/main.o
cpu_irq_enter_critical                            src/ASF/common/utils/interrupt/interrupt_sam_nvic.o
cpu_irq_leave_critical                            src/ASF/common/utils/interrupt/interrupt_sam_nvic.o
exception_table                                   src/ASF/sam/utils/cmsis/same70/source/templates/gcc/startup_same70.o
exit                                              d:/programas no hdd/embarcados/7.0/toolchain/arm/arm-gnu-toolchain/bin/../lib/gcc/arm-none-eabi/6.3.1/../../../../arm-none-eabi/lib/thumb/v7e-m\libc.a(lib_a-exit.o)
                                                  d:/programas no hdd/embarcados/7.0/toolchain/arm/arm-gnu-toolchain/bin/../lib/gcc/arm-none-eabi/6.3.1/../../../../arm-none-eabi/lib/thumb/v7e-m/crt0.o
free                                              d:/programas no hdd/embarcados/7.0/toolchain/arm/arm-gnu-toolchain/bin/../lib/gcc/arm-none-eabi/6.3.1/../../../../arm-none-eabi/lib/thumb/v7e-m\libc.a(lib_a-__call_atexit.o)
g_interrupt_enabled                               src/ASF/common/utils/interrupt/interrupt_sam_nvic.o
                                                  src/ASF/sam/utils/cmsis/same70/source/templates/gcc/startup_same70.o
                                                  src/ASF/sam/drivers/pmc/sleep.o
                                                  src/ASF/sam/drivers/mpu/mpu.o
gfx_mono_draw_char                                src/oled/gfx_mono_text.o
gfx_mono_draw_progmem_string                      src/oled/gfx_mono_text.o
gfx_mono_draw_string                              src/oled/gfx_mono_text.o
                                                  src/main.o
gfx_mono_framebuffer_draw_pixel                   src/oled/gfx_mono_framebuffer.o
gfx_mono_framebuffer_get_byte                     src/oled/gfx_mono_framebuffer.o
                                                  src/oled/gfx_mono_ug_2832hsweg04.o
gfx_mono_framebuffer_get_page                     src/oled/gfx_mono_framebuffer.o
                                                  src/oled/gfx_mono_ug_2832hsweg04.o
gfx_mono_framebuffer_get_pixel                    src/oled/gfx_mono_framebuffer.o
gfx_mono_framebuffer_mask_byte                    src/oled/gfx_mono_framebuffer.o
gfx_mono_framebuffer_put_byte                     src/oled/gfx_mono_framebuffer.o
                                                  src/oled/gfx_mono_ug_2832hsweg04.o
gfx_mono_framebuffer_put_page                     src/oled/gfx_mono_framebuffer.o
                                                  src/oled/gfx_mono_ug_2832hsweg04.o
gfx_mono_generic_draw_circle                      src/oled/gfx_mono_generic.o
gfx_mono_generic_draw_filled_circle               src/oled/gfx_mono_generic.o
                                                  src/main.o
gfx_mono_generic_draw_filled_rect                 src/oled/gfx_mono_generic.o
                                                  src/oled/gfx_mono_text.o
gfx_mono_generic_draw_horizontal_line             src/oled/gfx_mono_generic.o
gfx_mono_generic_draw_line                        src/oled/gfx_mono_generic.o
gfx_mono_generic_draw_rect                        src/oled/gfx_mono_generic.o
gfx_mono_generic_draw_vertical_line               src/oled/gfx_mono_generic.o
gfx_mono_generic_put_bitmap                       src/oled/gfx_mono_generic.o
gfx_mono_get_progmem_string_bounding_box          src/oled/gfx_mono_text.o
gfx_mono_get_string_bounding_box                  src/oled/gfx_mono_text.o
gfx_mono_set_framebuffer                          src/oled/gfx_mono_framebuffer.o
                                                  src/oled/gfx_mono_ug_2832hsweg04.o
gfx_mono_ssd1306_draw_pixel                       src/oled/gfx_mono_ug_2832hsweg04.o
                                                  src/oled/gfx_mono_text.o
                                                  src/oled/gfx_mono_generic.o
gfx_mono_ssd1306_get_byte                         src/oled/gfx_mono_ug_2832hsweg04.o
                                                  src/oled/gfx_mono_generic.o
                                                  src/oled/gfx_mono_framebuffer.o
gfx_mono_ssd1306_get_page                         src/oled/gfx_mono_ug_2832hsweg04.o
gfx_mono_ssd1306_get_pixel                        src/oled/gfx_mono_ug_2832hsweg04.o
gfx_mono_ssd1306_init                             src/oled/gfx_mono_ug_2832hsweg04.o
                                                  src/main.o
gfx_mono_ssd1306_mask_byte                        src/oled/gfx_mono_ug_2832hsweg04.o
                                                  src/oled/gfx_mono_generic.o
gfx_mono_ssd1306_put_byte                         src/oled/gfx_mono_ug_2832hsweg04.o
                                                  src/oled/gfx_mono_generic.o
                                                  src/oled/gfx_mono_framebuffer.o
gfx_mono_ssd1306_put_framebuffer                  src/oled/gfx_mono_ug_2832hsweg04.o
gfx_mono_ssd1306_put_page                         src/oled/gfx_mono_ug_2832hsweg04.o
                                                  src/oled/gfx_mono_generic.o
hardware_init_hook                                d:/programas no hdd/embarcados/7.0/toolchain/arm/arm-gnu-toolchain/bin/../lib/gcc/arm-none-eabi/6.3.1/../../../../arm-none-eabi/lib/thumb/v7e-m/crt0.o
link                                              src/ASF/sam/utils/syscalls/gcc/syscalls.o
main                                              src/main.o
                                                  src/ASF/sam/utils/cmsis/same70/source/templates/gcc/startup_same70.o
                                                  d:/programas no hdd/embarcados/7.0/toolchain/arm/arm-gnu-toolchain/bin/../lib/gcc/arm-none-eabi/6.3.1/../../../../arm-none-eabi/lib/thumb/v7e-m/crt0.o
malloc                                            d:/programas no hdd/embarcados/7.0/toolchain/arm/arm-gnu-toolchain/bin/../lib/gcc/arm-none-eabi/6.3.1/../../../../arm-none-eabi/lib/thumb/v7e-m\libc.a(lib_a-__atexit.o)
memset                                            d:/programas no hdd/embarcados/7.0/toolchain/arm/arm-gnu-toolchain/bin/../lib/gcc/arm-none-eabi/6.3.1/../../../../arm-none-eabi/lib/thumb/v7e-m\libc.a(lib_a-memset.o)
                                                  d:/programas no hdd/embarcados/7.0/toolchain/arm/arm-gnu-toolchain/bin/../lib/gcc/arm-none-eabi/6.3.1/../../../../arm-none-eabi/lib/thumb/v7e-m/crt0.o
mpu_cal_mpu_region_size                           src/ASF/sam/drivers/mpu/mpu.o
mpu_disable_region                                src/ASF/sam/drivers/mpu/mpu.o
mpu_enable                                        src/ASF/sam/drivers/mpu/mpu.o
mpu_set_region                                    src/ASF/sam/drivers/mpu/mpu.o
mpu_set_region_num                                src/ASF/sam/drivers/mpu/mpu.o
mpu_update_regions                                src/ASF/sam/drivers/mpu/mpu.o
pio_capture_disable                               src/ASF/sam/drivers/pio/pio.o
pio_capture_disable_interrupt                     src/ASF/sam/drivers/pio/pio.o
pio_capture_enable                                src/ASF/sam/drivers/pio/pio.o
pio_capture_enable_flag                           src/ASF/sam/drivers/pio/pio.o
pio_capture_enable_interrupt                      src/ASF/sam/drivers/pio/pio.o
pio_capture_get_interrupt_mask                    src/ASF/sam/drivers/pio/pio.o
pio_capture_get_interrupt_status                  src/ASF/sam/drivers/pio/pio.o
pio_capture_read                                  src/ASF/sam/drivers/pio/pio.o
pio_capture_set_mode                              src/ASF/sam/drivers/pio/pio.o
pio_clear                                         src/ASF/sam/drivers/pio/pio.o
pio_configure                                     src/ASF/sam/drivers/pio/pio.o
                                                  src/oled/ssd1306.o
pio_configure_interrupt                           src/ASF/sam/drivers/pio/pio.o
                                                  src/ASF/sam/drivers/pio/pio_handler.o
pio_configure_pin                                 src/ASF/sam/drivers/pio/pio.o
pio_configure_pin_group                           src/ASF/sam/drivers/pio/pio.o
pio_disable_interrupt                             src/ASF/sam/drivers/pio/pio.o
                                                  src/ASF/sam/drivers/pio/pio_handler.o
pio_disable_output_write                          src/ASF/sam/drivers/pio/pio.o
pio_disable_pin_interrupt                         src/ASF/sam/drivers/pio/pio.o
pio_enable_interrupt                              src/ASF/sam/drivers/pio/pio.o
                                                  src/ASF/sam/drivers/pio/pio_handler.o
pio_enable_output_write                           src/ASF/sam/drivers/pio/pio.o
pio_enable_pin_interrupt                          src/ASF/sam/drivers/pio/pio.o
pio_get                                           src/ASF/sam/drivers/pio/pio.o
pio_get_interrupt_mask                            src/ASF/sam/drivers/pio/pio.o
                                                  src/ASF/sam/drivers/pio/pio_handler.o
pio_get_interrupt_status                          src/ASF/sam/drivers/pio/pio.o
                                                  src/ASF/sam/drivers/pio/pio_handler.o
pio_get_multi_driver_status                       src/ASF/sam/drivers/pio/pio.o
pio_get_output_data_status                        src/ASF/sam/drivers/pio/pio.o
pio_get_output_write_status                       src/ASF/sam/drivers/pio/pio.o
pio_get_pin_group                                 src/ASF/sam/drivers/pio/pio.o
                                                  src/ASF/sam/drivers/pio/pio_handler.o
pio_get_pin_group_id                              src/ASF/sam/drivers/pio/pio.o
                                                  src/ASF/sam/drivers/pio/pio_handler.o
pio_get_pin_group_mask                            src/ASF/sam/drivers/pio/pio.o
                                                  src/ASF/sam/drivers/pio/pio_handler.o
pio_get_pin_value                                 src/ASF/sam/drivers/pio/pio.o
pio_get_schmitt_trigger                           src/ASF/sam/drivers/pio/pio.o
pio_get_writeprotect_status                       src/ASF/sam/drivers/pio/pio.o
pio_handler_process                               src/ASF/sam/drivers/pio/pio_handler.o
pio_handler_set                                   src/ASF/sam/drivers/pio/pio_handler.o
pio_handler_set_pin                               src/ASF/sam/drivers/pio/pio_handler.o
pio_handler_set_priority                          src/ASF/sam/drivers/pio/pio_handler.o
pio_pull_down                                     src/ASF/sam/drivers/pio/pio.o
pio_pull_up                                       src/ASF/sam/drivers/pio/pio.o
pio_set                                           src/ASF/sam/drivers/pio/pio.o
pio_set_additional_interrupt_mode                 src/ASF/sam/drivers/pio/pio.o
pio_set_debounce_filter                           src/ASF/sam/drivers/pio/pio.o
pio_set_input                                     src/ASF/sam/drivers/pio/pio.o
pio_set_io_drive                                  src/ASF/sam/drivers/pio/pio.o
pio_set_multi_driver                              src/ASF/sam/drivers/pio/pio.o
pio_set_output                                    src/ASF/sam/drivers/pio/pio.o
pio_set_peripheral                                src/ASF/sam/drivers/pio/pio.o
pio_set_pin_group_high                            src/ASF/sam/drivers/pio/pio.o
pio_set_pin_group_low                             src/ASF/sam/drivers/pio/pio.o
pio_set_pin_high                                  src/ASF/sam/drivers/pio/pio.o
pio_set_pin_low                                   src/ASF/sam/drivers/pio/pio.o
pio_set_schmitt_trigger                           src/ASF/sam/drivers/pio/pio.o
pio_set_writeprotect                              src/ASF/sam/drivers/pio/pio.o
pio_sync_output_write                             src/ASF/sam/drivers/pio/pio.o
pio_toggle_pin                                    src/ASF/sam/drivers/pio/pio.o
pio_toggle_pin_group                              src/ASF/sam/drivers/pio/pio.o
pmc_clr_fast_startup_input                        src/ASF/sam/drivers/pmc/pmc.o
pmc_disable_all_pck                               src/ASF/sam/drivers/pmc/pmc.o
pmc_disable_all_periph_clk                        src/ASF/sam/drivers/pmc/pmc.o
pmc_disable_clock_failure_detector                src/ASF/sam/drivers/pmc/pmc.o
pmc_disable_interrupt                             src/ASF/sam/drivers/pmc/pmc.o
pmc_disable_pck                                   src/ASF/sam/drivers/pmc/pmc.o
pmc_disable_periph_clk                            src/ASF/sam/drivers/pmc/pmc.o
                                                  src/ASF/sam/drivers/spi/spi.o
pmc_disable_pllack                                src/ASF/sam/drivers/pmc/pmc.o
                                                  src/ASF/sam/drivers/pmc/sleep.o
                                                  src/ASF/common/services/clock/same70/sysclk.o
pmc_disable_sclk_osc_freq_monitor                 src/ASF/sam/drivers/pmc/pmc.o
pmc_disable_sleepwalking                          src/ASF/sam/drivers/pmc/pmc.o
pmc_disable_udpck                                 src/ASF/sam/drivers/pmc/pmc.o
                                                  src/ASF/common/services/clock/same70/sysclk.o
pmc_disable_upll_clock                            src/ASF/sam/drivers/pmc/pmc.o
pmc_enable_all_pck                                src/ASF/sam/drivers/pmc/pmc.o
pmc_enable_all_periph_clk                         src/ASF/sam/drivers/pmc/pmc.o
pmc_enable_backupmode                             src/ASF/sam/drivers/pmc/pmc.o
pmc_enable_clock_failure_detector                 src/ASF/sam/drivers/pmc/pmc.o
pmc_enable_interrupt                              src/ASF/sam/drivers/pmc/pmc.o
pmc_enable_pck                                    src/ASF/sam/drivers/pmc/pmc.o
pmc_enable_periph_clk                             src/ASF/sam/drivers/pmc/pmc.o
                                                  src/ASF/sam/boards/same70_xplained/init.o
                                                  src/ASF/sam/drivers/spi/spi.o